******************************************************************************
                  TI ARM Linker PC v20.2.1                     
******************************************************************************
>> Linked Tue Dec  1 20:37:24 2020

OUTPUT FILE NAME:   <RTOS.out>
ENTRY POINT SYMBOL: "_c_int00_noargs"  address: 00002ebd


MEMORY CONFIGURATION

         name            origin    length      used     unused   attr    fill
----------------------  --------  ---------  --------  --------  ----  --------
  FLASH                 00000000   00040000  00002f92  0003d06e  R  X
  SRAM                  20000000   00008000  00000bb5  0000744b  RW X


SEGMENT ALLOCATION MAP

run origin  load origin   length   init length attrs members
----------  ----------- ---------- ----------- ----- -------
00000000    00000000    00002f98   00002f98    r-x
  00000000    00000000    0000026c   0000026c    r-- .intvecs
  0000026c    0000026c    00002ce4   00002ce4    r-x .text
  00002f50    00002f50    0000000a   0000000a    r-- .const
  00002f60    00002f60    00000038   00000038    r-- .cinit
20000000    20000000    00000bb5   00000000    rw-
  20000000    20000000    00000800   00000000    rw- .stack
  20000800    20000800    00000338   00000000    rw- .bss
  20000b38    20000b38    0000007d   00000000    rw- .data


SECTION ALLOCATION MAP

 output                                  attributes/
section   page    origin      length       input sections
--------  ----  ----------  ----------   ----------------
.intvecs   0    00000000    0000026c     
                  00000000    0000026c     tm4c123gh6pm_startup_ccs.obj (.intvecs)

.text      0    0000026c    00002ce4     
                  0000026c    0000287c     rtos.obj (.text)
                  00002ae8    00000184     uart0.obj (.text)
                  00002c6c    0000009c     rtsv7M4_T_le_v4SPD16_eabi.lib : memcpy_t2.asm.obj (.text)
                  00002d08    0000007a                                   : memset_t2.asm.obj (.text)
                  00002d82    00000068                                   : copy_decompress_lzss.c.obj (.text:decompress:lzss:__TI_decompress_lzss)
                  00002dea    0000004c     rtos_s.obj (.text)
                  00002e36    00000002     rtsv7M4_T_le_v4SPD16_eabi.lib : div0.asm.obj (.text)
                  00002e38    00000044                                   : autoinit.c.obj (.text:__TI_auto_init_nobinit_nopinit:__TI_auto_init_nobinit_nopinit)
                  00002e7c    00000040                                   : u_divt2.asm.obj (.text)
                  00002ebc    00000034                                   : boot_cortex_m.c.obj (.text:_c_int00_noargs:_c_int00_noargs)
                  00002ef0    00000024     wait.obj (.text)
                  00002f14    0000001c     rtsv7M4_T_le_v4SPD16_eabi.lib : copy_zero_init.c.obj (.text:decompress:ZI:__TI_zero_init_nomemset:__TI_zero_init_nomemset)
                  00002f30    0000000e                                   : copy_decompress_none.c.obj (.text:decompress:none:__TI_decompress_none)
                  00002f3e    0000000a     tm4c123gh6pm_startup_ccs.obj (.text)
                  00002f48    00000004     rtsv7M4_T_le_v4SPD16_eabi.lib : pre_init.c.obj (.text:_system_pre_init)
                  00002f4c    00000004                                   : exit.c.obj (.text:abort:abort)

.const     0    00002f50    0000000a     
                  00002f50    00000007     rtos.obj (.const:.string:$P$T0$2)
                  00002f57    00000003     rtos.obj (.const:.string:$P$T1$3)

.cinit     0    00002f60    00000038     
                  00002f60    00000014     (.cinit..data.load) [load image, compression = lzss]
                  00002f74    0000000c     (__TI_handler_table)
                  00002f80    00000008     (.cinit..bss.load) [load image, compression = zero_init]
                  00002f88    00000010     (__TI_cinit_table)

.init_array 
*          0    00000000    00000000     UNINITIALIZED

.bss       0    20000800    00000338     UNINITIALIZED
                  20000800    00000270     (.common:tcb)
                  20000a70    000000c8     (.common:semaphores)

.data      0    20000b38    0000007d     UNINITIALIZED
                  20000b38    00000070     rtos.obj (.data:CPU_TIME)
                  20000ba8    0000000d     rtos.obj (.data)

.stack     0    20000000    00000800     UNINITIALIZED
                  20000000    00000004     rtsv7M4_T_le_v4SPD16_eabi.lib : boot_cortex_m.c.obj (.stack)
                  20000004    000007fc     --HOLE--

__llvm_prf_cnts 
*          0    20000000    00000000     UNINITIALIZED

MODULE SUMMARY

       Module                         code    ro data   rw data
       ------                         ----    -------   -------
    .\
       rtos.obj                       10364   10        949    
       tm4c123gh6pm_startup_ccs.obj   10      620       0      
       uart0.obj                      388     0         0      
       rtos_s.obj                     76      0         0      
       wait.obj                       36      0         0      
    +--+------------------------------+-------+---------+---------+
       Total:                         10874   630       949    
                                                               
    C:\ti\ccs1011\ccs\tools\compiler\ti-cgt-arm_20.2.1.LTS\lib\rtsv7M4_T_le_v4SPD16_eabi.lib
       memcpy_t2.asm.obj              156     0         0      
       memset_t2.asm.obj              122     0         0      
       copy_decompress_lzss.c.obj     104     0         0      
       autoinit.c.obj                 68      0         0      
       u_divt2.asm.obj                64      0         0      
       boot_cortex_m.c.obj            52      0         0      
       copy_zero_init.c.obj           28      0         0      
       copy_decompress_none.c.obj     14      0         0      
       exit.c.obj                     4       0         0      
       pre_init.c.obj                 4       0         0      
       div0.asm.obj                   2       0         0      
    +--+------------------------------+-------+---------+---------+
       Total:                         618     0         0      
                                                               
       Stack:                         0       0         2048   
       Linker Generated:              0       56        0      
    +--+------------------------------+-------+---------+---------+
       Grand Total:                   11492   686       2997   


LINKER GENERATED COPY TABLES

__TI_cinit_table @ 00002f88 records: 2, size/record: 8, table size: 16
	.data: load addr=00002f60, load size=00000014 bytes, run addr=20000b38, run size=0000007d bytes, compression=lzss
	.bss: load addr=00002f80, load size=00000008 bytes, run addr=20000800, run size=00000338 bytes, compression=zero_init


LINKER GENERATED HANDLER TABLE

__TI_handler_table @ 00002f74 records: 3, size/record: 4, table size: 12
	index: 0, handler: __TI_decompress_lzss
	index: 1, handler: __TI_decompress_none
	index: 2, handler: __TI_zero_init


GLOBAL SYMBOLS: SORTED ALPHABETICALLY BY Name 

address   name                          
-------   ----                          
00002f4d  C$$EXIT                       
20000b38  CPU_TIME                      
00000c23  PopRegsFromPSP                
000004cf  PrintIntToHex                 
00000bfd  PushRegstoPSP                 
00002f3f  ResetISR                      
20000800  __STACK_END                   
00000800  __STACK_SIZE                  
20000200  __STACK_TOP                   
00002f88  __TI_CINIT_Base               
00002f98  __TI_CINIT_Limit              
00002f74  __TI_Handler_Table_Base       
00002f80  __TI_Handler_Table_Limit      
00002e39  __TI_auto_init_nobinit_nopinit
00002d83  __TI_decompress_lzss          
00002f31  __TI_decompress_none          
ffffffff  __TI_pprof_out_hndl           
ffffffff  __TI_prof_data_size           
ffffffff  __TI_prof_data_start          
00000000  __TI_static_base__            
00002f15  __TI_zero_init_nomemset       
00002e37  __aeabi_idiv0                 
00002e37  __aeabi_ldiv0                 
00002d09  __aeabi_memclr                
00002d09  __aeabi_memclr4               
00002d09  __aeabi_memclr8               
00002c6d  __aeabi_memcpy                
00002c6d  __aeabi_memcpy4               
00002c6d  __aeabi_memcpy8               
00002d0b  __aeabi_memset                
00002d0b  __aeabi_memset4               
00002d0b  __aeabi_memset8               
00002e7d  __aeabi_uidiv                 
00002e7d  __aeabi_uidivmod              
ffffffff  __binit__                     
ffffffff  __c_args__                    
UNDEFED   __mpu_init                    
20000000  __stack                       
20000000  __start___llvm_prf_cnts       
20000000  __stop___llvm_prf_cnts        
00002ebd  _c_int00_noargs               
UNDEFED   _system_post_cinit            
00002f49  _system_pre_init              
00002f4d  abort                         
00002345  alphabetToInteger             
ffffffff  binit                         
00001b15  busFaultIsr                   
00000925  createSemaphore               
00000689  createThread                  
00002091  debounce                      
00000903  destroyThread                 
000020f5  errant                        
00001f01  flash4Hz                      
00000000  g_pfnVectors                  
00002429  getFieldInteger               
00002309  getFieldString                
000005b5  getIntString                  
00002df7  getMSPaddress                 
00002df1  getPSPaddress                 
00001e07  getSP                         
00002e27  getSVCNumber                  
00002bf1  getcUart0                     
00002141  getsUart0                     
00001ab1  hardFaultIsr                  
20000ba8  heap_pointer                  
00002463  hexToInt                      
00001eab  idle                          
00001e45  idle2                         
00002119  important                     
00001c25  initHw                        
00000357  initRtos                      
00002ae9  initUart0                     
0000026d  init_MPU                      
000025bb  ipcs                          
00002585  isCommand                     
00002c0d  kbhitUart0                    
000025c7  kill                          
00001f81  lengthyFn                     
00002845  main                          
00002c6d  memcpy                        
00002d11  memset                        
00001959  mpuFaultIsr                   
00001f15  oneshot                       
000021cd  parseFields                   
00001f33  partOfLengthyFn               
00000c55  pendSvIsr                     
000025d3  pi                            
20000bb1  piON                          
000025fd  pidof                         
20000bb2  pingpong                      
00000aa5  post                          
000025e1  preempt                       
20000bb0  preemptON                     
20000baf  priorityScheduling            
00002e0b  privilegedMode                
000025b7  ps                            
00002ba9  putcUart0                     
00002bc5  putsUart0                     
00002001  readKeys                      
00001d95  readPbs                       
00002609  reboot                        
000008f9  restartThread                 
000003a5  rtosScheduler                 
0000260d  run                           
000025ef  sched                         
20000bac  semaphoreCount                
20000a70  semaphores                    
00002e19  setASPbit                     
00002deb  setPSPaddress                 
0000090d  setThreadPriority             
00002b7d  setUart0BaudRate              
00002619  shell                         
00000a85  sleep                         
000009c1  startRtos                     
0000238d  stringCompare                 
00000e71  svCallIsr                     
20000bb3  systickCount                  
00000ae5  systickIsr                    
20000bae  taskCount                     
20000bad  taskCurrent                   
20000800  tcb                           
00001cf3  timer1Isr                     
000020dd  uncooperative                 
00002dfd  unprivilegedMode              
00001bf5  usageFaultIsr                 
00000a91  wait                          
00002ef1  waitMicrosecond               
00000a81  yield                         


GLOBAL SYMBOLS: SORTED BY Symbol Address 

address   name                          
-------   ----                          
00000000  __TI_static_base__            
00000000  g_pfnVectors                  
0000026d  init_MPU                      
00000357  initRtos                      
000003a5  rtosScheduler                 
000004cf  PrintIntToHex                 
000005b5  getIntString                  
00000689  createThread                  
00000800  __STACK_SIZE                  
000008f9  restartThread                 
00000903  destroyThread                 
0000090d  setThreadPriority             
00000925  createSemaphore               
000009c1  startRtos                     
00000a81  yield                         
00000a85  sleep                         
00000a91  wait                          
00000aa5  post                          
00000ae5  systickIsr                    
00000bfd  PushRegstoPSP                 
00000c23  PopRegsFromPSP                
00000c55  pendSvIsr                     
00000e71  svCallIsr                     
00001959  mpuFaultIsr                   
00001ab1  hardFaultIsr                  
00001b15  busFaultIsr                   
00001bf5  usageFaultIsr                 
00001c25  initHw                        
00001cf3  timer1Isr                     
00001d95  readPbs                       
00001e07  getSP                         
00001e45  idle2                         
00001eab  idle                          
00001f01  flash4Hz                      
00001f15  oneshot                       
00001f33  partOfLengthyFn               
00001f81  lengthyFn                     
00002001  readKeys                      
00002091  debounce                      
000020dd  uncooperative                 
000020f5  errant                        
00002119  important                     
00002141  getsUart0                     
000021cd  parseFields                   
00002309  getFieldString                
00002345  alphabetToInteger             
0000238d  stringCompare                 
00002429  getFieldInteger               
00002463  hexToInt                      
00002585  isCommand                     
000025b7  ps                            
000025bb  ipcs                          
000025c7  kill                          
000025d3  pi                            
000025e1  preempt                       
000025ef  sched                         
000025fd  pidof                         
00002609  reboot                        
0000260d  run                           
00002619  shell                         
00002845  main                          
00002ae9  initUart0                     
00002b7d  setUart0BaudRate              
00002ba9  putcUart0                     
00002bc5  putsUart0                     
00002bf1  getcUart0                     
00002c0d  kbhitUart0                    
00002c6d  __aeabi_memcpy                
00002c6d  __aeabi_memcpy4               
00002c6d  __aeabi_memcpy8               
00002c6d  memcpy                        
00002d09  __aeabi_memclr                
00002d09  __aeabi_memclr4               
00002d09  __aeabi_memclr8               
00002d0b  __aeabi_memset                
00002d0b  __aeabi_memset4               
00002d0b  __aeabi_memset8               
00002d11  memset                        
00002d83  __TI_decompress_lzss          
00002deb  setPSPaddress                 
00002df1  getPSPaddress                 
00002df7  getMSPaddress                 
00002dfd  unprivilegedMode              
00002e0b  privilegedMode                
00002e19  setASPbit                     
00002e27  getSVCNumber                  
00002e37  __aeabi_idiv0                 
00002e37  __aeabi_ldiv0                 
00002e39  __TI_auto_init_nobinit_nopinit
00002e7d  __aeabi_uidiv                 
00002e7d  __aeabi_uidivmod              
00002ebd  _c_int00_noargs               
00002ef1  waitMicrosecond               
00002f15  __TI_zero_init_nomemset       
00002f31  __TI_decompress_none          
00002f3f  ResetISR                      
00002f49  _system_pre_init              
00002f4d  C$$EXIT                       
00002f4d  abort                         
00002f74  __TI_Handler_Table_Base       
00002f80  __TI_Handler_Table_Limit      
00002f88  __TI_CINIT_Base               
00002f98  __TI_CINIT_Limit              
20000000  __stack                       
20000000  __start___llvm_prf_cnts       
20000000  __stop___llvm_prf_cnts        
20000200  __STACK_TOP                   
20000800  __STACK_END                   
20000800  tcb                           
20000a70  semaphores                    
20000b38  CPU_TIME                      
20000ba8  heap_pointer                  
20000bac  semaphoreCount                
20000bad  taskCurrent                   
20000bae  taskCount                     
20000baf  priorityScheduling            
20000bb0  preemptON                     
20000bb1  piON                          
20000bb2  pingpong                      
20000bb3  systickCount                  
ffffffff  __TI_pprof_out_hndl           
ffffffff  __TI_prof_data_size           
ffffffff  __TI_prof_data_start          
ffffffff  __binit__                     
ffffffff  __c_args__                    
ffffffff  binit                         
UNDEFED   __mpu_init                    
UNDEFED   _system_post_cinit            

[128 symbols]
