******************************************************************************
                  TI ARM Linker PC v20.2.1                     
******************************************************************************
>> Linked Sat Nov 28 20:23:26 2020

OUTPUT FILE NAME:   <RTOS.out>
ENTRY POINT SYMBOL: "_c_int00_noargs"  address: 0000259d


MEMORY CONFIGURATION

         name            origin    length      used     unused   attr    fill
----------------------  --------  ---------  --------  --------  ----  --------
  FLASH                 00000000   00040000  00002674  0003d98c  R  X
  SRAM                  20000000   00008000  00000b87  00007479  RW X


SEGMENT ALLOCATION MAP

run origin  load origin   length   init length attrs members
----------  ----------- ---------- ----------- ----- -------
00000000    00000000    00002678   00002678    r-x
  00000000    00000000    0000026c   0000026c    r-- .intvecs
  0000026c    0000026c    000023c6   000023c6    r-x .text
  00002632    00002632    0000000a   0000000a    r-- .const
  00002640    00002640    00000038   00000038    r-- .cinit
20000000    20000000    00000b87   00000000    rw-
  20000000    20000000    00000800   00000000    rw- .stack
  20000800    20000800    0000030c   00000000    rw- .bss
  20000b0c    20000b0c    0000007b   00000000    rw- .data


SECTION ALLOCATION MAP

 output                                  attributes/
section   page    origin      length       input sections
--------  ----  ----------  ----------   ----------------
.intvecs   0    00000000    0000026c     
                  00000000    0000026c     tm4c123gh6pm_startup_ccs.obj (.intvecs)

.text      0    0000026c    000023c6     
                  0000026c    00001f5c     rtos.obj (.text)
                  000021c8    00000184     uart0.obj (.text)
                  0000234c    0000009c     rtsv7M4_T_le_v4SPD16_eabi.lib : memcpy_t2.asm.obj (.text)
                  000023e8    0000007a                                   : memset_t2.asm.obj (.text)
                  00002462    00000068                                   : copy_decompress_lzss.c.obj (.text:decompress:lzss:__TI_decompress_lzss)
                  000024ca    0000004c     rtos_s.obj (.text)
                  00002516    00000002     rtsv7M4_T_le_v4SPD16_eabi.lib : div0.asm.obj (.text)
                  00002518    00000044                                   : autoinit.c.obj (.text:__TI_auto_init_nobinit_nopinit:__TI_auto_init_nobinit_nopinit)
                  0000255c    00000040                                   : u_divt2.asm.obj (.text)
                  0000259c    00000034                                   : boot_cortex_m.c.obj (.text:_c_int00_noargs:_c_int00_noargs)
                  000025d0    00000024     wait.obj (.text)
                  000025f4    0000001c     rtsv7M4_T_le_v4SPD16_eabi.lib : copy_zero_init.c.obj (.text:decompress:ZI:__TI_zero_init_nomemset:__TI_zero_init_nomemset)
                  00002610    0000000e                                   : copy_decompress_none.c.obj (.text:decompress:none:__TI_decompress_none)
                  0000261e    0000000c     tm4c123gh6pm_startup_ccs.obj (.text)
                  0000262a    00000004     rtsv7M4_T_le_v4SPD16_eabi.lib : pre_init.c.obj (.text:_system_pre_init)
                  0000262e    00000004                                   : exit.c.obj (.text:abort:abort)

.const     0    00002632    0000000a     
                  00002632    00000007     rtos.obj (.const:.string:$P$T0$2)
                  00002639    00000003     rtos.obj (.const:.string:$P$T1$3)

.cinit     0    00002640    00000038     
                  00002640    00000012     (.cinit..data.load) [load image, compression = lzss]
                  00002652    00000002     --HOLE-- [fill = 0]
                  00002654    0000000c     (__TI_handler_table)
                  00002660    00000008     (.cinit..bss.load) [load image, compression = zero_init]
                  00002668    00000010     (__TI_cinit_table)

.init_array 
*          0    00000000    00000000     UNINITIALIZED

.bss       0    20000800    0000030c     UNINITIALIZED
                  20000800    00000240     (.common:tcb)
                  20000a40    000000c8     (.common:semaphores)
                  20000b08    00000001     (.common:flashReq)
                  20000b09    00000001     (.common:keyPressed)
                  20000b0a    00000001     (.common:keyReleased)
                  20000b0b    00000001     (.common:resource)

.data      0    20000b0c    0000007b     UNINITIALIZED
                  20000b0c    00000070     rtos.obj (.data:CPU_TIME)
                  20000b7c    0000000b     rtos.obj (.data)

.stack     0    20000000    00000800     UNINITIALIZED
                  20000000    00000004     rtsv7M4_T_le_v4SPD16_eabi.lib : boot_cortex_m.c.obj (.stack)
                  20000004    000007fc     --HOLE--

__llvm_prf_cnts 
*          0    20000000    00000000     UNINITIALIZED

MODULE SUMMARY

       Module                         code   ro data   rw data
       ------                         ----   -------   -------
    .\
       rtos.obj                       8028   10        903    
       tm4c123gh6pm_startup_ccs.obj   12     620       0      
       uart0.obj                      388    0         0      
       rtos_s.obj                     76     0         0      
       wait.obj                       36     0         0      
    +--+------------------------------+------+---------+---------+
       Total:                         8540   630       903    
                                                              
    C:\ti\ccs1011\ccs\tools\compiler\ti-cgt-arm_20.2.1.LTS\lib\rtsv7M4_T_le_v4SPD16_eabi.lib
       memcpy_t2.asm.obj              156    0         0      
       memset_t2.asm.obj              122    0         0      
       copy_decompress_lzss.c.obj     104    0         0      
       autoinit.c.obj                 68     0         0      
       u_divt2.asm.obj                64     0         0      
       boot_cortex_m.c.obj            52     0         0      
       copy_zero_init.c.obj           28     0         0      
       copy_decompress_none.c.obj     14     0         0      
       exit.c.obj                     4      0         0      
       pre_init.c.obj                 4      0         0      
       div0.asm.obj                   2      0         0      
    +--+------------------------------+------+---------+---------+
       Total:                         618    0         0      
                                                              
       Stack:                         0      0         2048   
       Linker Generated:              0      54        0      
    +--+------------------------------+------+---------+---------+
       Grand Total:                   9158   684       2951   


LINKER GENERATED COPY TABLES

__TI_cinit_table @ 00002668 records: 2, size/record: 8, table size: 16
	.data: load addr=00002640, load size=00000012 bytes, run addr=20000b0c, run size=0000007b bytes, compression=lzss
	.bss: load addr=00002660, load size=00000008 bytes, run addr=20000800, run size=0000030c bytes, compression=zero_init


LINKER GENERATED HANDLER TABLE

__TI_handler_table @ 00002654 records: 3, size/record: 4, table size: 12
	index: 0, handler: __TI_decompress_lzss
	index: 1, handler: __TI_decompress_none
	index: 2, handler: __TI_zero_init


GLOBAL SYMBOLS: SORTED ALPHABETICALLY BY Name 

address   name                          
-------   ----                          
0000262f  C$$EXIT                       
20000b0c  CPU_TIME                      
000009f3  PopRegsFromPSP                
000003e5  PrintIntToHex                 
000009cd  PushRegstoPSP                 
0000261f  ResetISR                      
20000800  __STACK_END                   
00000800  __STACK_SIZE                  
20000200  __STACK_TOP                   
00002668  __TI_CINIT_Base               
00002678  __TI_CINIT_Limit              
00002654  __TI_Handler_Table_Base       
00002660  __TI_Handler_Table_Limit      
00002519  __TI_auto_init_nobinit_nopinit
00002463  __TI_decompress_lzss          
00002611  __TI_decompress_none          
ffffffff  __TI_pprof_out_hndl           
ffffffff  __TI_prof_data_size           
ffffffff  __TI_prof_data_start          
00000000  __TI_static_base__            
000025f5  __TI_zero_init_nomemset       
00002517  __aeabi_idiv0                 
00002517  __aeabi_ldiv0                 
000023e9  __aeabi_memclr                
000023e9  __aeabi_memclr4               
000023e9  __aeabi_memclr8               
0000234d  __aeabi_memcpy                
0000234d  __aeabi_memcpy4               
0000234d  __aeabi_memcpy8               
000023eb  __aeabi_memset                
000023eb  __aeabi_memset4               
000023eb  __aeabi_memset8               
0000255d  __aeabi_uidiv                 
0000255d  __aeabi_uidivmod              
ffffffff  __binit__                     
ffffffff  __c_args__                    
UNDEFED   __mpu_init                    
20000000  __stack                       
20000000  __start___llvm_prf_cnts       
20000000  __stop___llvm_prf_cnts        
0000259d  _c_int00_noargs               
UNDEFED   _system_post_cinit            
0000262b  _system_pre_init              
0000262f  abort                         
00001989  alphabetToInteger             
ffffffff  binit                         
000012d1  busFaultIsr                   
000007bb  createSemaphore               
00000579  createThread                  
000016b1  debounce                      
000007a3  destroyThread                 
0000171d  errant                        
00001521  flash4Hz                      
20000b08  flashReq                      
00000000  g_pfnVectors                  
00001a6d  getFieldInteger               
00001951  getFieldString                
0000049b  getIntString                  
000024d7  getMSPaddress                 
000024d1  getPSPaddress                 
0000145d  getSP                         
00002507  getSVCNumber                  
000022d1  getcUart0                     
00001779  getsUart0                     
000012cf  hardFaultIsr                  
20000b7c  heap_pointer                  
00001aa7  hexToInt                      
000014c5  idle                          
00001463  idle2                         
00001745  important                     
000012ed  initHw                        
0000026d  initRtos                      
000021c9  initUart0                     
00001bff  ipcs                          
00001bc9  isCommand                     
000022ed  kbhitUart0                    
20000b09  keyPressed                    
20000b0a  keyReleased                   
00001c0b  kill                          
00001573  lengthyFn                     
00001f19  main                          
0000234d  memcpy                        
000023f1  memset                        
000012cd  mpuFaultIsr                   
0000153d  oneshot                       
00001811  parseFields                   
0000155f  partOfLengthyFn               
00000a7d  pendSvIsr                     
00001c17  pi                            
00001c6b  pidof                         
20000b84  pingpong                      
000008d1  post                          
00001c33  preempt                       
20000b83  priorityScheduling            
000024eb  privilegedMode                
00001bfb  ps                            
00002289  putcUart0                     
000022a5  putsUart0                     
000015f5  readKeys                      
000013e5  readPbs                       
00001c77  reboot                        
20000b0b  resource                      
00000799  restartThread                 
000002bb  rtosScheduler                 
00001c7b  run                           
00001c4f  sched                         
20000b80  semaphoreCount                
20000a40  semaphores                    
000024f9  setASPbit                     
000024cb  setPSPaddress                 
000007ad  setThreadPriority             
0000225d  setUart0BaudRate              
00001c87  shell                         
000008b1  sleep                         
00000855  startRtos                     
000019d1  stringCompare                 
00000bf9  svCallIsr                     
20000b85  systickCount                  
000008f9  systickIsr                    
20000b82  taskCount                     
20000b81  taskCurrent                   
20000800  tcb                           
000013a5  timer1Isr                     
00001705  uncooperative                 
000024dd  unprivilegedMode              
000012d3  usageFaultIsr                 
000008bd  wait                          
000025d1  waitMicrosecond               
000008ad  yield                         


GLOBAL SYMBOLS: SORTED BY Symbol Address 

address   name                          
-------   ----                          
00000000  __TI_static_base__            
00000000  g_pfnVectors                  
0000026d  initRtos                      
000002bb  rtosScheduler                 
000003e5  PrintIntToHex                 
0000049b  getIntString                  
00000579  createThread                  
00000799  restartThread                 
000007a3  destroyThread                 
000007ad  setThreadPriority             
000007bb  createSemaphore               
00000800  __STACK_SIZE                  
00000855  startRtos                     
000008ad  yield                         
000008b1  sleep                         
000008bd  wait                          
000008d1  post                          
000008f9  systickIsr                    
000009cd  PushRegstoPSP                 
000009f3  PopRegsFromPSP                
00000a7d  pendSvIsr                     
00000bf9  svCallIsr                     
000012cd  mpuFaultIsr                   
000012cf  hardFaultIsr                  
000012d1  busFaultIsr                   
000012d3  usageFaultIsr                 
000012ed  initHw                        
000013a5  timer1Isr                     
000013e5  readPbs                       
0000145d  getSP                         
00001463  idle2                         
000014c5  idle                          
00001521  flash4Hz                      
0000153d  oneshot                       
0000155f  partOfLengthyFn               
00001573  lengthyFn                     
000015f5  readKeys                      
000016b1  debounce                      
00001705  uncooperative                 
0000171d  errant                        
00001745  important                     
00001779  getsUart0                     
00001811  parseFields                   
00001951  getFieldString                
00001989  alphabetToInteger             
000019d1  stringCompare                 
00001a6d  getFieldInteger               
00001aa7  hexToInt                      
00001bc9  isCommand                     
00001bfb  ps                            
00001bff  ipcs                          
00001c0b  kill                          
00001c17  pi                            
00001c33  preempt                       
00001c4f  sched                         
00001c6b  pidof                         
00001c77  reboot                        
00001c7b  run                           
00001c87  shell                         
00001f19  main                          
000021c9  initUart0                     
0000225d  setUart0BaudRate              
00002289  putcUart0                     
000022a5  putsUart0                     
000022d1  getcUart0                     
000022ed  kbhitUart0                    
0000234d  __aeabi_memcpy                
0000234d  __aeabi_memcpy4               
0000234d  __aeabi_memcpy8               
0000234d  memcpy                        
000023e9  __aeabi_memclr                
000023e9  __aeabi_memclr4               
000023e9  __aeabi_memclr8               
000023eb  __aeabi_memset                
000023eb  __aeabi_memset4               
000023eb  __aeabi_memset8               
000023f1  memset                        
00002463  __TI_decompress_lzss          
000024cb  setPSPaddress                 
000024d1  getPSPaddress                 
000024d7  getMSPaddress                 
000024dd  unprivilegedMode              
000024eb  privilegedMode                
000024f9  setASPbit                     
00002507  getSVCNumber                  
00002517  __aeabi_idiv0                 
00002517  __aeabi_ldiv0                 
00002519  __TI_auto_init_nobinit_nopinit
0000255d  __aeabi_uidiv                 
0000255d  __aeabi_uidivmod              
0000259d  _c_int00_noargs               
000025d1  waitMicrosecond               
000025f5  __TI_zero_init_nomemset       
00002611  __TI_decompress_none          
0000261f  ResetISR                      
0000262b  _system_pre_init              
0000262f  C$$EXIT                       
0000262f  abort                         
00002654  __TI_Handler_Table_Base       
00002660  __TI_Handler_Table_Limit      
00002668  __TI_CINIT_Base               
00002678  __TI_CINIT_Limit              
20000000  __stack                       
20000000  __start___llvm_prf_cnts       
20000000  __stop___llvm_prf_cnts        
20000200  __STACK_TOP                   
20000800  __STACK_END                   
20000800  tcb                           
20000a40  semaphores                    
20000b08  flashReq                      
20000b09  keyPressed                    
20000b0a  keyReleased                   
20000b0b  resource                      
20000b0c  CPU_TIME                      
20000b7c  heap_pointer                  
20000b80  semaphoreCount                
20000b81  taskCurrent                   
20000b82  taskCount                     
20000b83  priorityScheduling            
20000b84  pingpong                      
20000b85  systickCount                  
ffffffff  __TI_pprof_out_hndl           
ffffffff  __TI_prof_data_size           
ffffffff  __TI_prof_data_start          
ffffffff  __binit__                     
ffffffff  __c_args__                    
ffffffff  binit                         
UNDEFED   __mpu_init                    
UNDEFED   _system_post_cinit            

[129 symbols]
