******************************************************************************
                  TI ARM Linker PC v20.2.1                     
******************************************************************************
>> Linked Mon Nov 30 21:21:43 2020

OUTPUT FILE NAME:   <RTOS.out>
ENTRY POINT SYMBOL: "_c_int00_noargs"  address: 00002ae9


MEMORY CONFIGURATION

         name            origin    length      used     unused   attr    fill
----------------------  --------  ---------  --------  --------  ----  --------
  FLASH                 00000000   00040000  00002bc0  0003d440  R  X
  SRAM                  20000000   00008000  00000bb5  0000744b  RW X


SEGMENT ALLOCATION MAP

run origin  load origin   length   init length attrs members
----------  ----------- ---------- ----------- ----- -------
00000000    00000000    00002bc0   00002bc0    r-x
  00000000    00000000    0000026c   0000026c    r-- .intvecs
  0000026c    0000026c    00002912   00002912    r-x .text
  00002b7e    00002b7e    0000000a   0000000a    r-- .const
  00002b88    00002b88    00000038   00000038    r-- .cinit
20000000    20000000    00000bb5   00000000    rw-
  20000000    20000000    00000800   00000000    rw- .stack
  20000800    20000800    00000338   00000000    rw- .bss
  20000b38    20000b38    0000007d   00000000    rw- .data


SECTION ALLOCATION MAP

 output                                  attributes/
section   page    origin      length       input sections
--------  ----  ----------  ----------   ----------------
.intvecs   0    00000000    0000026c     
                  00000000    0000026c     tm4c123gh6pm_startup_ccs.obj (.intvecs)

.text      0    0000026c    00002912     
                  0000026c    000024a8     rtos.obj (.text)
                  00002714    00000184     uart0.obj (.text)
                  00002898    0000009c     rtsv7M4_T_le_v4SPD16_eabi.lib : memcpy_t2.asm.obj (.text)
                  00002934    0000007a                                   : memset_t2.asm.obj (.text)
                  000029ae    00000068                                   : copy_decompress_lzss.c.obj (.text:decompress:lzss:__TI_decompress_lzss)
                  00002a16    0000004c     rtos_s.obj (.text)
                  00002a62    00000002     rtsv7M4_T_le_v4SPD16_eabi.lib : div0.asm.obj (.text)
                  00002a64    00000044                                   : autoinit.c.obj (.text:__TI_auto_init_nobinit_nopinit:__TI_auto_init_nobinit_nopinit)
                  00002aa8    00000040                                   : u_divt2.asm.obj (.text)
                  00002ae8    00000034                                   : boot_cortex_m.c.obj (.text:_c_int00_noargs:_c_int00_noargs)
                  00002b1c    00000024     wait.obj (.text)
                  00002b40    0000001c     rtsv7M4_T_le_v4SPD16_eabi.lib : copy_zero_init.c.obj (.text:decompress:ZI:__TI_zero_init_nomemset:__TI_zero_init_nomemset)
                  00002b5c    0000000e                                   : copy_decompress_none.c.obj (.text:decompress:none:__TI_decompress_none)
                  00002b6a    0000000c     tm4c123gh6pm_startup_ccs.obj (.text)
                  00002b76    00000004     rtsv7M4_T_le_v4SPD16_eabi.lib : pre_init.c.obj (.text:_system_pre_init)
                  00002b7a    00000004                                   : exit.c.obj (.text:abort:abort)

.const     0    00002b7e    0000000a     
                  00002b7e    00000007     rtos.obj (.const:.string:$P$T0$2)
                  00002b85    00000003     rtos.obj (.const:.string:$P$T1$3)

.cinit     0    00002b88    00000038     
                  00002b88    00000012     (.cinit..data.load) [load image, compression = lzss]
                  00002b9a    00000002     --HOLE-- [fill = 0]
                  00002b9c    0000000c     (__TI_handler_table)
                  00002ba8    00000008     (.cinit..bss.load) [load image, compression = zero_init]
                  00002bb0    00000010     (__TI_cinit_table)

.init_array 
*          0    00000000    00000000     UNINITIALIZED

.bss       0    20000800    00000338     UNINITIALIZED
                  20000800    00000270     (.common:tcb)
                  20000a70    000000c8     (.common:semaphores)

.data      0    20000b38    0000007d     UNINITIALIZED
                  20000b38    00000070     rtos.obj (.data:CPU_TIME)
                  20000ba8    0000000d     rtos.obj (.data)

.stack     0    20000000    00000800     UNINITIALIZED
                  20000000    00000004     rtsv7M4_T_le_v4SPD16_eabi.lib : boot_cortex_m.c.obj (.stack)
                  20000004    000007fc     --HOLE--

__llvm_prf_cnts 
*          0    20000000    00000000     UNINITIALIZED

MODULE SUMMARY

       Module                         code    ro data   rw data
       ------                         ----    -------   -------
    .\
       rtos.obj                       9384    10        949    
       tm4c123gh6pm_startup_ccs.obj   12      620       0      
       uart0.obj                      388     0         0      
       rtos_s.obj                     76      0         0      
       wait.obj                       36      0         0      
    +--+------------------------------+-------+---------+---------+
       Total:                         9896    630       949    
                                                               
    C:\ti\ccs1011\ccs\tools\compiler\ti-cgt-arm_20.2.1.LTS\lib\rtsv7M4_T_le_v4SPD16_eabi.lib
       memcpy_t2.asm.obj              156     0         0      
       memset_t2.asm.obj              122     0         0      
       copy_decompress_lzss.c.obj     104     0         0      
       autoinit.c.obj                 68      0         0      
       u_divt2.asm.obj                64      0         0      
       boot_cortex_m.c.obj            52      0         0      
       copy_zero_init.c.obj           28      0         0      
       copy_decompress_none.c.obj     14      0         0      
       exit.c.obj                     4       0         0      
       pre_init.c.obj                 4       0         0      
       div0.asm.obj                   2       0         0      
    +--+------------------------------+-------+---------+---------+
       Total:                         618     0         0      
                                                               
       Stack:                         0       0         2048   
       Linker Generated:              0       54        0      
    +--+------------------------------+-------+---------+---------+
       Grand Total:                   10514   684       2997   


LINKER GENERATED COPY TABLES

__TI_cinit_table @ 00002bb0 records: 2, size/record: 8, table size: 16
	.data: load addr=00002b88, load size=00000012 bytes, run addr=20000b38, run size=0000007d bytes, compression=lzss
	.bss: load addr=00002ba8, load size=00000008 bytes, run addr=20000800, run size=00000338 bytes, compression=zero_init


LINKER GENERATED HANDLER TABLE

__TI_handler_table @ 00002b9c records: 3, size/record: 4, table size: 12
	index: 0, handler: __TI_decompress_lzss
	index: 1, handler: __TI_decompress_none
	index: 2, handler: __TI_zero_init


GLOBAL SYMBOLS: SORTED ALPHABETICALLY BY Name 

address   name                          
-------   ----                          
00002b7b  C$$EXIT                       
20000b38  CPU_TIME                      
00000bbd  PopRegsFromPSP                
000004cf  PrintIntToHex                 
00000b4d  PushRegstoPSP                 
00002b6b  ResetISR                      
20000800  __STACK_END                   
00000800  __STACK_SIZE                  
20000200  __STACK_TOP                   
00002bb0  __TI_CINIT_Base               
00002bc0  __TI_CINIT_Limit              
00002b9c  __TI_Handler_Table_Base       
00002ba8  __TI_Handler_Table_Limit      
00002a65  __TI_auto_init_nobinit_nopinit
000029af  __TI_decompress_lzss          
00002b5d  __TI_decompress_none          
ffffffff  __TI_pprof_out_hndl           
ffffffff  __TI_prof_data_size           
ffffffff  __TI_prof_data_start          
00000000  __TI_static_base__            
00002b41  __TI_zero_init_nomemset       
00002a63  __aeabi_idiv0                 
00002a63  __aeabi_ldiv0                 
00002935  __aeabi_memclr                
00002935  __aeabi_memclr4               
00002935  __aeabi_memclr8               
00002899  __aeabi_memcpy                
00002899  __aeabi_memcpy4               
00002899  __aeabi_memcpy8               
00002937  __aeabi_memset                
00002937  __aeabi_memset4               
00002937  __aeabi_memset8               
00002aa9  __aeabi_uidiv                 
00002aa9  __aeabi_uidivmod              
ffffffff  __binit__                     
ffffffff  __c_args__                    
UNDEFED   __mpu_init                    
20000000  __stack                       
20000000  __start___llvm_prf_cnts       
20000000  __stop___llvm_prf_cnts        
00002ae9  _c_int00_noargs               
UNDEFED   _system_post_cinit            
00002b77  _system_pre_init              
00002b7b  abort                         
00001eed  alphabetToInteger             
ffffffff  binit                         
000017ef  busFaultIsr                   
00000925  createSemaphore               
00000689  createThread                  
00001c4d  debounce                      
00000903  destroyThread                 
00001ca5  errant                        
00001a91  flash4Hz                      
00000000  g_pfnVectors                  
00001fd1  getFieldInteger               
00001eb1  getFieldString                
000005b5  getIntString                  
00002a23  getMSPaddress                 
00002a1d  getPSPaddress                 
00001939  getSP                         
00002a53  getSVCNumber                  
0000281d  getcUart0                     
00001ced  getsUart0                     
000017ed  hardFaultIsr                  
20000ba8  heap_pointer                  
0000200b  hexToInt                      
00001a31  idle                          
00001945  idle2                         
00001cc3  important                     
000017f7  initHw                        
00000357  initRtos                      
00002715  initUart0                     
0000026d  init_MPU                      
00002163  ipcs                          
0000212d  isCommand                     
00002839  kbhitUart0                    
0000216f  kill                          
00001b09  lengthyFn                     
0000247d  main                          
00002899  memcpy                        
0000293d  memset                        
00001689  mpuFaultIsr                   
00001abd  oneshot                       
00001d75  parseFields                   
00001ae5  partOfLengthyFn               
00000c05  pendSvIsr                     
0000217b  pi                            
20000bb1  piON                          
000021cf  pidof                         
20000bb2  pingpong                      
00000a47  post                          
00002197  preempt                       
20000bb0  preemptON                     
20000baf  priorityScheduling            
00002a37  privilegedMode                
0000215f  ps                            
000027d5  putcUart0                     
000027f1  putsUart0                     
00001bb5  readKeys                      
000018bb  readPbs                       
000021db  reboot                        
000008f9  restartThread                 
000003a5  rtosScheduler                 
000021df  run                           
000021b3  sched                         
20000bac  semaphoreCount                
20000a70  semaphores                    
00002a45  setASPbit                     
00002a17  setPSPaddress                 
0000090d  setThreadPriority             
000027a9  setUart0BaudRate              
000021eb  shell                         
00000a2d  sleep                         
000009b7  startRtos                     
00001f35  stringCompare                 
00000e1d  svCallIsr                     
20000bb3  systickCount                  
00000a71  systickIsr                    
20000bae  taskCount                     
20000bad  taskCurrent                   
20000800  tcb                           
000018b3  timer1Isr                     
00001c95  uncooperative                 
00002a29  unprivilegedMode              
000017f1  usageFaultIsr                 
00000a39  wait                          
00002b1d  waitMicrosecond               
00000a25  yield                         


GLOBAL SYMBOLS: SORTED BY Symbol Address 

address   name                          
-------   ----                          
00000000  __TI_static_base__            
00000000  g_pfnVectors                  
0000026d  init_MPU                      
00000357  initRtos                      
000003a5  rtosScheduler                 
000004cf  PrintIntToHex                 
000005b5  getIntString                  
00000689  createThread                  
00000800  __STACK_SIZE                  
000008f9  restartThread                 
00000903  destroyThread                 
0000090d  setThreadPriority             
00000925  createSemaphore               
000009b7  startRtos                     
00000a25  yield                         
00000a2d  sleep                         
00000a39  wait                          
00000a47  post                          
00000a71  systickIsr                    
00000b4d  PushRegstoPSP                 
00000bbd  PopRegsFromPSP                
00000c05  pendSvIsr                     
00000e1d  svCallIsr                     
00001689  mpuFaultIsr                   
000017ed  hardFaultIsr                  
000017ef  busFaultIsr                   
000017f1  usageFaultIsr                 
000017f7  initHw                        
000018b3  timer1Isr                     
000018bb  readPbs                       
00001939  getSP                         
00001945  idle2                         
00001a31  idle                          
00001a91  flash4Hz                      
00001abd  oneshot                       
00001ae5  partOfLengthyFn               
00001b09  lengthyFn                     
00001bb5  readKeys                      
00001c4d  debounce                      
00001c95  uncooperative                 
00001ca5  errant                        
00001cc3  important                     
00001ced  getsUart0                     
00001d75  parseFields                   
00001eb1  getFieldString                
00001eed  alphabetToInteger             
00001f35  stringCompare                 
00001fd1  getFieldInteger               
0000200b  hexToInt                      
0000212d  isCommand                     
0000215f  ps                            
00002163  ipcs                          
0000216f  kill                          
0000217b  pi                            
00002197  preempt                       
000021b3  sched                         
000021cf  pidof                         
000021db  reboot                        
000021df  run                           
000021eb  shell                         
0000247d  main                          
00002715  initUart0                     
000027a9  setUart0BaudRate              
000027d5  putcUart0                     
000027f1  putsUart0                     
0000281d  getcUart0                     
00002839  kbhitUart0                    
00002899  __aeabi_memcpy                
00002899  __aeabi_memcpy4               
00002899  __aeabi_memcpy8               
00002899  memcpy                        
00002935  __aeabi_memclr                
00002935  __aeabi_memclr4               
00002935  __aeabi_memclr8               
00002937  __aeabi_memset                
00002937  __aeabi_memset4               
00002937  __aeabi_memset8               
0000293d  memset                        
000029af  __TI_decompress_lzss          
00002a17  setPSPaddress                 
00002a1d  getPSPaddress                 
00002a23  getMSPaddress                 
00002a29  unprivilegedMode              
00002a37  privilegedMode                
00002a45  setASPbit                     
00002a53  getSVCNumber                  
00002a63  __aeabi_idiv0                 
00002a63  __aeabi_ldiv0                 
00002a65  __TI_auto_init_nobinit_nopinit
00002aa9  __aeabi_uidiv                 
00002aa9  __aeabi_uidivmod              
00002ae9  _c_int00_noargs               
00002b1d  waitMicrosecond               
00002b41  __TI_zero_init_nomemset       
00002b5d  __TI_decompress_none          
00002b6b  ResetISR                      
00002b77  _system_pre_init              
00002b7b  C$$EXIT                       
00002b7b  abort                         
00002b9c  __TI_Handler_Table_Base       
00002ba8  __TI_Handler_Table_Limit      
00002bb0  __TI_CINIT_Base               
00002bc0  __TI_CINIT_Limit              
20000000  __stack                       
20000000  __start___llvm_prf_cnts       
20000000  __stop___llvm_prf_cnts        
20000200  __STACK_TOP                   
20000800  __STACK_END                   
20000800  tcb                           
20000a70  semaphores                    
20000b38  CPU_TIME                      
20000ba8  heap_pointer                  
20000bac  semaphoreCount                
20000bad  taskCurrent                   
20000bae  taskCount                     
20000baf  priorityScheduling            
20000bb0  preemptON                     
20000bb1  piON                          
20000bb2  pingpong                      
20000bb3  systickCount                  
ffffffff  __TI_pprof_out_hndl           
ffffffff  __TI_prof_data_size           
ffffffff  __TI_prof_data_start          
ffffffff  __binit__                     
ffffffff  __c_args__                    
ffffffff  binit                         
UNDEFED   __mpu_init                    
UNDEFED   _system_post_cinit            

[128 symbols]
