******************************************************************************
                  TI ARM Linker PC v20.2.1                     
******************************************************************************
>> Linked Wed Dec  2 00:20:24 2020

OUTPUT FILE NAME:   <RTOS.out>
ENTRY POINT SYMBOL: "_c_int00_noargs"  address: 00003139


MEMORY CONFIGURATION

         name            origin    length      used     unused   attr    fill
----------------------  --------  ---------  --------  --------  ----  --------
  FLASH                 00000000   00040000  0000320e  0003cdf2  R  X
  SRAM                  20000000   00008000  00000bb5  0000744b  RW X


SEGMENT ALLOCATION MAP

run origin  load origin   length   init length attrs members
----------  ----------- ---------- ----------- ----- -------
00000000    00000000    00003210   00003210    r-x
  00000000    00000000    0000026c   0000026c    r-- .intvecs
  0000026c    0000026c    00002f60   00002f60    r-x .text
  000031cc    000031cc    0000000a   0000000a    r-- .const
  000031d8    000031d8    00000038   00000038    r-- .cinit
20000000    20000000    00000bb5   00000000    rw-
  20000000    20000000    00000800   00000000    rw- .stack
  20000800    20000800    00000338   00000000    rw- .bss
  20000b38    20000b38    0000007d   00000000    rw- .data


SECTION ALLOCATION MAP

 output                                  attributes/
section   page    origin      length       input sections
--------  ----  ----------  ----------   ----------------
.intvecs   0    00000000    0000026c     
                  00000000    0000026c     tm4c123gh6pm_startup_ccs.obj (.intvecs)

.text      0    0000026c    00002f60     
                  0000026c    00002af8     rtos.obj (.text)
                  00002d64    00000184     uart0.obj (.text)
                  00002ee8    0000009c     rtsv7M4_T_le_v4SPD16_eabi.lib : memcpy_t2.asm.obj (.text)
                  00002f84    0000007a                                   : memset_t2.asm.obj (.text)
                  00002ffe    00000068                                   : copy_decompress_lzss.c.obj (.text:decompress:lzss:__TI_decompress_lzss)
                  00003066    0000004c     rtos_s.obj (.text)
                  000030b2    00000002     rtsv7M4_T_le_v4SPD16_eabi.lib : div0.asm.obj (.text)
                  000030b4    00000044                                   : autoinit.c.obj (.text:__TI_auto_init_nobinit_nopinit:__TI_auto_init_nobinit_nopinit)
                  000030f8    00000040                                   : u_divt2.asm.obj (.text)
                  00003138    00000034                                   : boot_cortex_m.c.obj (.text:_c_int00_noargs:_c_int00_noargs)
                  0000316c    00000024     wait.obj (.text)
                  00003190    0000001c     rtsv7M4_T_le_v4SPD16_eabi.lib : copy_zero_init.c.obj (.text:decompress:ZI:__TI_zero_init_nomemset:__TI_zero_init_nomemset)
                  000031ac    0000000e                                   : copy_decompress_none.c.obj (.text:decompress:none:__TI_decompress_none)
                  000031ba    0000000a     tm4c123gh6pm_startup_ccs.obj (.text)
                  000031c4    00000004     rtsv7M4_T_le_v4SPD16_eabi.lib : pre_init.c.obj (.text:_system_pre_init)
                  000031c8    00000004                                   : exit.c.obj (.text:abort:abort)

.const     0    000031cc    0000000a     
                  000031cc    00000007     rtos.obj (.const:.string:$P$T0$2)
                  000031d3    00000003     rtos.obj (.const:.string:$P$T1$3)

.cinit     0    000031d8    00000038     
                  000031d8    00000014     (.cinit..data.load) [load image, compression = lzss]
                  000031ec    0000000c     (__TI_handler_table)
                  000031f8    00000008     (.cinit..bss.load) [load image, compression = zero_init]
                  00003200    00000010     (__TI_cinit_table)

.init_array 
*          0    00000000    00000000     UNINITIALIZED

.bss       0    20000800    00000338     UNINITIALIZED
                  20000800    00000270     (.common:tcb)
                  20000a70    000000c8     (.common:semaphores)

.data      0    20000b38    0000007d     UNINITIALIZED
                  20000b38    00000070     rtos.obj (.data:CPU_TIME)
                  20000ba8    0000000d     rtos.obj (.data)

.stack     0    20000000    00000800     UNINITIALIZED
                  20000000    00000004     rtsv7M4_T_le_v4SPD16_eabi.lib : boot_cortex_m.c.obj (.stack)
                  20000004    000007fc     --HOLE--

__llvm_prf_cnts 
*          0    20000000    00000000     UNINITIALIZED

MODULE SUMMARY

       Module                         code    ro data   rw data
       ------                         ----    -------   -------
    .\
       rtos.obj                       11000   10        949    
       tm4c123gh6pm_startup_ccs.obj   10      620       0      
       uart0.obj                      388     0         0      
       rtos_s.obj                     76      0         0      
       wait.obj                       36      0         0      
    +--+------------------------------+-------+---------+---------+
       Total:                         11510   630       949    
                                                               
    C:\ti\ccs1011\ccs\tools\compiler\ti-cgt-arm_20.2.1.LTS\lib\rtsv7M4_T_le_v4SPD16_eabi.lib
       memcpy_t2.asm.obj              156     0         0      
       memset_t2.asm.obj              122     0         0      
       copy_decompress_lzss.c.obj     104     0         0      
       autoinit.c.obj                 68      0         0      
       u_divt2.asm.obj                64      0         0      
       boot_cortex_m.c.obj            52      0         0      
       copy_zero_init.c.obj           28      0         0      
       copy_decompress_none.c.obj     14      0         0      
       exit.c.obj                     4       0         0      
       pre_init.c.obj                 4       0         0      
       div0.asm.obj                   2       0         0      
    +--+------------------------------+-------+---------+---------+
       Total:                         618     0         0      
                                                               
       Stack:                         0       0         2048   
       Linker Generated:              0       56        0      
    +--+------------------------------+-------+---------+---------+
       Grand Total:                   12128   686       2997   


LINKER GENERATED COPY TABLES

__TI_cinit_table @ 00003200 records: 2, size/record: 8, table size: 16
	.data: load addr=000031d8, load size=00000014 bytes, run addr=20000b38, run size=0000007d bytes, compression=lzss
	.bss: load addr=000031f8, load size=00000008 bytes, run addr=20000800, run size=00000338 bytes, compression=zero_init


LINKER GENERATED HANDLER TABLE

__TI_handler_table @ 000031ec records: 3, size/record: 4, table size: 12
	index: 0, handler: __TI_decompress_lzss
	index: 1, handler: __TI_decompress_none
	index: 2, handler: __TI_zero_init


GLOBAL SYMBOLS: SORTED ALPHABETICALLY BY Name 

address   name                          
-------   ----                          
000031c9  C$$EXIT                       
20000b38  CPU_TIME                      
00000c23  PopRegsFromPSP                
000004cf  PrintIntToHex                 
00000bfd  PushRegstoPSP                 
000031bb  ResetISR                      
20000800  __STACK_END                   
00000800  __STACK_SIZE                  
20000200  __STACK_TOP                   
00003200  __TI_CINIT_Base               
00003210  __TI_CINIT_Limit              
000031ec  __TI_Handler_Table_Base       
000031f8  __TI_Handler_Table_Limit      
000030b5  __TI_auto_init_nobinit_nopinit
00002fff  __TI_decompress_lzss          
000031ad  __TI_decompress_none          
ffffffff  __TI_pprof_out_hndl           
ffffffff  __TI_prof_data_size           
ffffffff  __TI_prof_data_start          
00000000  __TI_static_base__            
00003191  __TI_zero_init_nomemset       
000030b3  __aeabi_idiv0                 
000030b3  __aeabi_ldiv0                 
00002f85  __aeabi_memclr                
00002f85  __aeabi_memclr4               
00002f85  __aeabi_memclr8               
00002ee9  __aeabi_memcpy                
00002ee9  __aeabi_memcpy4               
00002ee9  __aeabi_memcpy8               
00002f87  __aeabi_memset                
00002f87  __aeabi_memset4               
00002f87  __aeabi_memset8               
000030f9  __aeabi_uidiv                 
000030f9  __aeabi_uidivmod              
ffffffff  __binit__                     
ffffffff  __c_args__                    
UNDEFED   __mpu_init                    
20000000  __stack                       
20000000  __start___llvm_prf_cnts       
20000000  __stop___llvm_prf_cnts        
00003139  _c_int00_noargs               
UNDEFED   _system_post_cinit            
000031c5  _system_pre_init              
000031c9  abort                         
0000241d  alphabetToInteger             
ffffffff  binit                         
00001cb1  busFaultIsr                   
00000929  createSemaphore               
00000689  createThread                  
00002185  debounce                      
00000905  destroyThread                 
000021d7  errant                        
00001fbd  flash4Hz                      
00000000  g_pfnVectors                  
00002505  getFieldInteger               
000023e5  getFieldString                
000005b5  getIntString                  
00003073  getMSPaddress                 
0000306d  getPSPaddress                 
00001e3f  getSP                         
000030a3  getSVCNumber                  
00002e6d  getcUart0                     
00002221  getsUart0                     
00001c55  hardFaultIsr                  
20000ba8  heap_pointer                  
0000253f  hexToInt                      
00001f49  idle                          
00001ed1  idle2                         
000021f9  important                     
00001d05  initHw                        
00000357  initRtos                      
00002d65  initUart0                     
0000026d  init_MPU                      
0000269f  ipcs                          
00002661  isCommand                     
00002e89  kbhitUart0                    
000026ab  kill                          
00002065  lengthyFn                     
00002acd  main                          
00002ee9  memcpy                        
00002f8d  memset                        
00001af9  mpuFaultIsr                   
00001fe3  oneshot                       
000022a9  parseFields                   
00002017  partOfLengthyFn               
00000c55  pendSvIsr                     
000026b7  pi                            
20000bb1  piON                          
000026e1  pidof                         
20000bb2  pingpong                      
00000aa7  post                          
000026c5  preempt                       
20000bb0  preemptON                     
20000baf  priorityScheduling            
00003087  privilegedMode                
00002693  ps                            
00002e25  putcUart0                     
00002e41  putsUart0                     
000020f5  readKeys                      
00001dcd  readPbs                       
000026ed  reboot                        
000008f9  restartThread                 
000003a5  rtosScheduler                 
000026f1  run                           
000026d3  sched                         
20000bac  semaphoreCount                
20000a70  semaphores                    
00003095  setASPbit                     
00003067  setPSPaddress                 
00000911  setThreadPriority             
00002df9  setUart0BaudRate              
00002725  shell                         
00000a89  sleep                         
000009c5  startRtos                     
00002469  stringCompare                 
00000e71  svCallIsr                     
20000bb3  systickCount                  
00000afd  systickIsr                    
20000bae  taskCount                     
20000bad  taskCurrent                   
20000800  tcb                           
00001dbd  timer1Isr                     
000021c7  uncooperative                 
00003079  unprivilegedMode              
00001cd1  usageFaultIsr                 
00000a99  wait                          
0000316d  waitMicrosecond               
00000a85  yield                         


GLOBAL SYMBOLS: SORTED BY Symbol Address 

address   name                          
-------   ----                          
00000000  __TI_static_base__            
00000000  g_pfnVectors                  
0000026d  init_MPU                      
00000357  initRtos                      
000003a5  rtosScheduler                 
000004cf  PrintIntToHex                 
000005b5  getIntString                  
00000689  createThread                  
00000800  __STACK_SIZE                  
000008f9  restartThread                 
00000905  destroyThread                 
00000911  setThreadPriority             
00000929  createSemaphore               
000009c5  startRtos                     
00000a85  yield                         
00000a89  sleep                         
00000a99  wait                          
00000aa7  post                          
00000afd  systickIsr                    
00000bfd  PushRegstoPSP                 
00000c23  PopRegsFromPSP                
00000c55  pendSvIsr                     
00000e71  svCallIsr                     
00001af9  mpuFaultIsr                   
00001c55  hardFaultIsr                  
00001cb1  busFaultIsr                   
00001cd1  usageFaultIsr                 
00001d05  initHw                        
00001dbd  timer1Isr                     
00001dcd  readPbs                       
00001e3f  getSP                         
00001ed1  idle2                         
00001f49  idle                          
00001fbd  flash4Hz                      
00001fe3  oneshot                       
00002017  partOfLengthyFn               
00002065  lengthyFn                     
000020f5  readKeys                      
00002185  debounce                      
000021c7  uncooperative                 
000021d7  errant                        
000021f9  important                     
00002221  getsUart0                     
000022a9  parseFields                   
000023e5  getFieldString                
0000241d  alphabetToInteger             
00002469  stringCompare                 
00002505  getFieldInteger               
0000253f  hexToInt                      
00002661  isCommand                     
00002693  ps                            
0000269f  ipcs                          
000026ab  kill                          
000026b7  pi                            
000026c5  preempt                       
000026d3  sched                         
000026e1  pidof                         
000026ed  reboot                        
000026f1  run                           
00002725  shell                         
00002acd  main                          
00002d65  initUart0                     
00002df9  setUart0BaudRate              
00002e25  putcUart0                     
00002e41  putsUart0                     
00002e6d  getcUart0                     
00002e89  kbhitUart0                    
00002ee9  __aeabi_memcpy                
00002ee9  __aeabi_memcpy4               
00002ee9  __aeabi_memcpy8               
00002ee9  memcpy                        
00002f85  __aeabi_memclr                
00002f85  __aeabi_memclr4               
00002f85  __aeabi_memclr8               
00002f87  __aeabi_memset                
00002f87  __aeabi_memset4               
00002f87  __aeabi_memset8               
00002f8d  memset                        
00002fff  __TI_decompress_lzss          
00003067  setPSPaddress                 
0000306d  getPSPaddress                 
00003073  getMSPaddress                 
00003079  unprivilegedMode              
00003087  privilegedMode                
00003095  setASPbit                     
000030a3  getSVCNumber                  
000030b3  __aeabi_idiv0                 
000030b3  __aeabi_ldiv0                 
000030b5  __TI_auto_init_nobinit_nopinit
000030f9  __aeabi_uidiv                 
000030f9  __aeabi_uidivmod              
00003139  _c_int00_noargs               
0000316d  waitMicrosecond               
00003191  __TI_zero_init_nomemset       
000031ad  __TI_decompress_none          
000031bb  ResetISR                      
000031c5  _system_pre_init              
000031c9  C$$EXIT                       
000031c9  abort                         
000031ec  __TI_Handler_Table_Base       
000031f8  __TI_Handler_Table_Limit      
00003200  __TI_CINIT_Base               
00003210  __TI_CINIT_Limit              
20000000  __stack                       
20000000  __start___llvm_prf_cnts       
20000000  __stop___llvm_prf_cnts        
20000200  __STACK_TOP                   
20000800  __STACK_END                   
20000800  tcb                           
20000a70  semaphores                    
20000b38  CPU_TIME                      
20000ba8  heap_pointer                  
20000bac  semaphoreCount                
20000bad  taskCurrent                   
20000bae  taskCount                     
20000baf  priorityScheduling            
20000bb0  preemptON                     
20000bb1  piON                          
20000bb2  pingpong                      
20000bb3  systickCount                  
ffffffff  __TI_pprof_out_hndl           
ffffffff  __TI_prof_data_size           
ffffffff  __TI_prof_data_start          
ffffffff  __binit__                     
ffffffff  __c_args__                    
ffffffff  binit                         
UNDEFED   __mpu_init                    
UNDEFED   _system_post_cinit            

[128 symbols]
