******************************************************************************
                  TI ARM Linker PC v20.2.1                     
******************************************************************************
>> Linked Wed Nov 11 13:22:06 2020

OUTPUT FILE NAME:   <RTOS.out>
ENTRY POINT SYMBOL: "_c_int00_noargs"  address: 00001309


MEMORY CONFIGURATION

         name            origin    length      used     unused   attr    fill
----------------------  --------  ---------  --------  --------  ----  --------
  FLASH                 00000000   00040000  000013dd  0003ec23  R  X
  SRAM                  20000000   00008000  00000a94  0000756c  RW X


SEGMENT ALLOCATION MAP

run origin  load origin   length   init length attrs members
----------  ----------- ---------- ----------- ----- -------
00000000    00000000    000013e0   000013e0    r-x
  00000000    00000000    0000026c   0000026c    r-- .intvecs
  0000026c    0000026c    00001132   00001132    r-x .text
  0000139e    0000139e    00000007   00000007    r-- .const
  000013a8    000013a8    00000038   00000038    r-- .cinit
20000000    20000000    00000a94   00000000    rw-
  20000000    20000000    00000800   00000000    rw- .stack
  20000800    20000800    0000028c   00000000    rw- .bss
  20000a8c    20000a8c    00000008   00000000    rw- .data


SECTION ALLOCATION MAP

 output                                  attributes/
section   page    origin      length       input sections
--------  ----  ----------  ----------   ----------------
.intvecs   0    00000000    0000026c     
                  00000000    0000026c     tm4c123gh6pm_startup_ccs.obj (.intvecs)

.text      0    0000026c    00001132     
                  0000026c    00000cd0     rtos.obj (.text)
                  00000f3c    0000017c     uart0.obj (.text)
                  000010b8    0000009c     rtsv7M4_T_le_v4SPD16_eabi.lib : memcpy_t2.asm.obj (.text)
                  00001154    0000007a                                   : memset_t2.asm.obj (.text)
                  000011ce    00000068                                   : copy_decompress_lzss.c.obj (.text:decompress:lzss:__TI_decompress_lzss)
                  00001236    0000004c     rtos_s.obj (.text)
                  00001282    00000002     rtsv7M4_T_le_v4SPD16_eabi.lib : div0.asm.obj (.text)
                  00001284    00000044                                   : autoinit.c.obj (.text:__TI_auto_init_nobinit_nopinit:__TI_auto_init_nobinit_nopinit)
                  000012c8    00000040                                   : u_divt2.asm.obj (.text)
                  00001308    00000034                                   : boot_cortex_m.c.obj (.text:_c_int00_noargs:_c_int00_noargs)
                  0000133c    00000024     wait.obj (.text)
                  00001360    0000001c     rtsv7M4_T_le_v4SPD16_eabi.lib : copy_zero_init.c.obj (.text:decompress:ZI:__TI_zero_init_nomemset:__TI_zero_init_nomemset)
                  0000137c    0000000e                                   : copy_decompress_none.c.obj (.text:decompress:none:__TI_decompress_none)
                  0000138a    0000000c     tm4c123gh6pm_startup_ccs.obj (.text)
                  00001396    00000004     rtsv7M4_T_le_v4SPD16_eabi.lib : pre_init.c.obj (.text:_system_pre_init)
                  0000139a    00000004                                   : exit.c.obj (.text:abort:abort)

.const     0    0000139e    00000007     
                  0000139e    00000007     rtos.obj (.const:.string:$P$T0$2)

.cinit     0    000013a8    00000038     
                  000013a8    0000000d     (.cinit..data.load) [load image, compression = lzss]
                  000013b5    00000003     --HOLE-- [fill = 0]
                  000013b8    0000000c     (__TI_handler_table)
                  000013c4    00000004     --HOLE-- [fill = 0]
                  000013c8    00000008     (.cinit..bss.load) [load image, compression = zero_init]
                  000013d0    00000010     (__TI_cinit_table)

.init_array 
*          0    00000000    00000000     UNINITIALIZED

.bss       0    20000800    0000028c     UNINITIALIZED
                  20000800    00000210     (.common:tcb)
                  20000a10    00000078     (.common:semaphores)
                  20000a88    00000001     (.common:flashReq)
                  20000a89    00000001     (.common:keyPressed)
                  20000a8a    00000001     (.common:keyReleased)
                  20000a8b    00000001     (.common:resource)

.data      0    20000a8c    00000008     UNINITIALIZED
                  20000a8c    00000008     rtos.obj (.data)

.stack     0    20000000    00000800     UNINITIALIZED
                  20000000    00000004     rtsv7M4_T_le_v4SPD16_eabi.lib : boot_cortex_m.c.obj (.stack)
                  20000004    000007fc     --HOLE--

__llvm_prf_cnts 
*          0    20000000    00000000     UNINITIALIZED

MODULE SUMMARY

       Module                         code   ro data   rw data
       ------                         ----   -------   -------
    .\
       rtos.obj                       3280   7         660    
       tm4c123gh6pm_startup_ccs.obj   12     620       0      
       uart0.obj                      380    0         0      
       rtos_s.obj                     76     0         0      
       wait.obj                       36     0         0      
    +--+------------------------------+------+---------+---------+
       Total:                         3784   627       660    
                                                              
    C:\ti\ccs1011\ccs\tools\compiler\ti-cgt-arm_20.2.1.LTS\lib\rtsv7M4_T_le_v4SPD16_eabi.lib
       memcpy_t2.asm.obj              156    0         0      
       memset_t2.asm.obj              122    0         0      
       copy_decompress_lzss.c.obj     104    0         0      
       autoinit.c.obj                 68     0         0      
       u_divt2.asm.obj                64     0         0      
       boot_cortex_m.c.obj            52     0         0      
       copy_zero_init.c.obj           28     0         0      
       copy_decompress_none.c.obj     14     0         0      
       exit.c.obj                     4      0         0      
       pre_init.c.obj                 4      0         0      
       div0.asm.obj                   2      0         0      
    +--+------------------------------+------+---------+---------+
       Total:                         618    0         0      
                                                              
       Stack:                         0      0         2048   
       Linker Generated:              0      49        0      
    +--+------------------------------+------+---------+---------+
       Grand Total:                   4402   676       2708   


LINKER GENERATED COPY TABLES

__TI_cinit_table @ 000013d0 records: 2, size/record: 8, table size: 16
	.data: load addr=000013a8, load size=0000000d bytes, run addr=20000a8c, run size=00000008 bytes, compression=lzss
	.bss: load addr=000013c8, load size=00000008 bytes, run addr=20000800, run size=0000028c bytes, compression=zero_init


LINKER GENERATED HANDLER TABLE

__TI_handler_table @ 000013b8 records: 3, size/record: 4, table size: 12
	index: 0, handler: __TI_decompress_lzss
	index: 1, handler: __TI_decompress_none
	index: 2, handler: __TI_zero_init


GLOBAL SYMBOLS: SORTED ALPHABETICALLY BY Name 

address   name                          
-------   ----                          
0000139b  C$$EXIT                       
00000761  PopRegsFromPSP                
0000031d  PrintIntToHex                 
00000735  PushRegstoPSP                 
0000138b  ResetISR                      
20000800  __STACK_END                   
00000800  __STACK_SIZE                  
20000200  __STACK_TOP                   
000013d0  __TI_CINIT_Base               
000013e0  __TI_CINIT_Limit              
000013b8  __TI_Handler_Table_Base       
000013c4  __TI_Handler_Table_Limit      
00001285  __TI_auto_init_nobinit_nopinit
000011cf  __TI_decompress_lzss          
0000137d  __TI_decompress_none          
ffffffff  __TI_pprof_out_hndl           
ffffffff  __TI_prof_data_size           
ffffffff  __TI_prof_data_start          
00000000  __TI_static_base__            
00001361  __TI_zero_init_nomemset       
00001283  __aeabi_idiv0                 
00001283  __aeabi_ldiv0                 
00001155  __aeabi_memclr                
00001155  __aeabi_memclr4               
00001155  __aeabi_memclr8               
000010b9  __aeabi_memcpy                
000010b9  __aeabi_memcpy4               
000010b9  __aeabi_memcpy8               
00001157  __aeabi_memset                
00001157  __aeabi_memset4               
00001157  __aeabi_memset8               
000012c9  __aeabi_uidiv                 
000012c9  __aeabi_uidivmod              
ffffffff  __binit__                     
ffffffff  __c_args__                    
UNDEFED   __mpu_init                    
20000000  __stack                       
20000000  __start___llvm_prf_cnts       
20000000  __stop___llvm_prf_cnts        
00001309  _c_int00_noargs               
UNDEFED   _system_post_cinit            
00001397  _system_pre_init              
0000139b  abort                         
ffffffff  binit                         
00000a2f  busFaultIsr                   
00000607  createSemaphore               
000003dd  createThread                  
00000d79  debounce                      
000005e9  destroyThread                 
00000de9  errant                        
00000bf5  flash4Hz                      
20000a88  flashReq                      
00000000  g_pfnVectors                  
00001243  getMSPaddress                 
0000123d  getPSPaddress                 
00000b33  getSP                         
00001273  getSVCNumber                  
00001045  getcUart0                     
00000a2d  hardFaultIsr                  
20000a8c  heap_pointer                  
00000b8d  idle                          
00000b39  idle2                         
00000e11  important                     
00000a33  initHw                        
0000026d  initRtos                      
00000f3d  initUart0                     
00001059  kbhitUart0                    
20000a89  keyPressed                    
20000a8a  keyReleased                   
00000c45  lengthyFn                     
00000e49  main                          
000010b9  memcpy                        
0000115d  memset                        
00000a2b  mpuFaultIsr                   
00000c09  oneshot                       
00000c2b  partOfLengthyFn               
000007f1  pendSvIsr                     
000006b7  post                          
00001257  privilegedMode                
00000ffd  putcUart0                     
00001019  putsUart0                     
00000cb1  readKeys                      
00000ab5  readPbs                       
20000a8b  resource                      
000005df  restartThread                 
000002bb  rtosScheduler                 
20000a90  semaphoreCount                
20000a10  semaphores                    
00001265  setASPbit                     
00001237  setPSPaddress                 
000005f9  setThreadPriority             
00000fd1  setUart0BaudRate              
00000e3d  shell                         
00000699  sleep                         
0000064b  startRtos                     
000008f9  svCallIsr                     
000006c3  systickIsr                    
20000a92  taskCount                     
20000a91  taskCurrent                   
20000800  tcb                           
00000dcd  uncooperative                 
00001249  unprivilegedMode              
00000a31  usageFaultIsr                 
000006a9  wait                          
0000133d  waitMicrosecond               
00000695  yield                         


GLOBAL SYMBOLS: SORTED BY Symbol Address 

address   name                          
-------   ----                          
00000000  __TI_static_base__            
00000000  g_pfnVectors                  
0000026d  initRtos                      
000002bb  rtosScheduler                 
0000031d  PrintIntToHex                 
000003dd  createThread                  
000005df  restartThread                 
000005e9  destroyThread                 
000005f9  setThreadPriority             
00000607  createSemaphore               
0000064b  startRtos                     
00000695  yield                         
00000699  sleep                         
000006a9  wait                          
000006b7  post                          
000006c3  systickIsr                    
00000735  PushRegstoPSP                 
00000761  PopRegsFromPSP                
000007f1  pendSvIsr                     
00000800  __STACK_SIZE                  
000008f9  svCallIsr                     
00000a2b  mpuFaultIsr                   
00000a2d  hardFaultIsr                  
00000a2f  busFaultIsr                   
00000a31  usageFaultIsr                 
00000a33  initHw                        
00000ab5  readPbs                       
00000b33  getSP                         
00000b39  idle2                         
00000b8d  idle                          
00000bf5  flash4Hz                      
00000c09  oneshot                       
00000c2b  partOfLengthyFn               
00000c45  lengthyFn                     
00000cb1  readKeys                      
00000d79  debounce                      
00000dcd  uncooperative                 
00000de9  errant                        
00000e11  important                     
00000e3d  shell                         
00000e49  main                          
00000f3d  initUart0                     
00000fd1  setUart0BaudRate              
00000ffd  putcUart0                     
00001019  putsUart0                     
00001045  getcUart0                     
00001059  kbhitUart0                    
000010b9  __aeabi_memcpy                
000010b9  __aeabi_memcpy4               
000010b9  __aeabi_memcpy8               
000010b9  memcpy                        
00001155  __aeabi_memclr                
00001155  __aeabi_memclr4               
00001155  __aeabi_memclr8               
00001157  __aeabi_memset                
00001157  __aeabi_memset4               
00001157  __aeabi_memset8               
0000115d  memset                        
000011cf  __TI_decompress_lzss          
00001237  setPSPaddress                 
0000123d  getPSPaddress                 
00001243  getMSPaddress                 
00001249  unprivilegedMode              
00001257  privilegedMode                
00001265  setASPbit                     
00001273  getSVCNumber                  
00001283  __aeabi_idiv0                 
00001283  __aeabi_ldiv0                 
00001285  __TI_auto_init_nobinit_nopinit
000012c9  __aeabi_uidiv                 
000012c9  __aeabi_uidivmod              
00001309  _c_int00_noargs               
0000133d  waitMicrosecond               
00001361  __TI_zero_init_nomemset       
0000137d  __TI_decompress_none          
0000138b  ResetISR                      
00001397  _system_pre_init              
0000139b  C$$EXIT                       
0000139b  abort                         
000013b8  __TI_Handler_Table_Base       
000013c4  __TI_Handler_Table_Limit      
000013d0  __TI_CINIT_Base               
000013e0  __TI_CINIT_Limit              
20000000  __stack                       
20000000  __start___llvm_prf_cnts       
20000000  __stop___llvm_prf_cnts        
20000200  __STACK_TOP                   
20000800  __STACK_END                   
20000800  tcb                           
20000a10  semaphores                    
20000a88  flashReq                      
20000a89  keyPressed                    
20000a8a  keyReleased                   
20000a8b  resource                      
20000a8c  heap_pointer                  
20000a90  semaphoreCount                
20000a91  taskCurrent                   
20000a92  taskCount                     
ffffffff  __TI_pprof_out_hndl           
ffffffff  __TI_prof_data_size           
ffffffff  __TI_prof_data_start          
ffffffff  __binit__                     
ffffffff  __c_args__                    
ffffffff  binit                         
UNDEFED   __mpu_init                    
UNDEFED   _system_post_cinit            

[106 symbols]
