******************************************************************************
                  TI ARM Linker PC v20.2.1                     
******************************************************************************
>> Linked Wed Nov  4 22:19:57 2020

OUTPUT FILE NAME:   <RTOS.out>
ENTRY POINT SYMBOL: "_c_int00_noargs"  address: 00001179


MEMORY CONFIGURATION

         name            origin    length      used     unused   attr    fill
----------------------  --------  ---------  --------  --------  ----  --------
  FLASH                 00000000   00040000  0000124d  0003edb3  R  X
  SRAM                  20000000   00008000  00000a94  0000756c  RW X


SEGMENT ALLOCATION MAP

run origin  load origin   length   init length attrs members
----------  ----------- ---------- ----------- ----- -------
00000000    00000000    00001250   00001250    r-x
  00000000    00000000    0000026c   0000026c    r-- .intvecs
  0000026c    0000026c    00000fa2   00000fa2    r-x .text
  0000120e    0000120e    00000007   00000007    r-- .const
  00001218    00001218    00000038   00000038    r-- .cinit
20000000    20000000    00000a94   00000000    rw-
  20000000    20000000    00000800   00000000    rw- .stack
  20000800    20000800    0000028c   00000000    rw- .bss
  20000a8c    20000a8c    00000008   00000000    rw- .data


SECTION ALLOCATION MAP

 output                                  attributes/
section   page    origin      length       input sections
--------  ----  ----------  ----------   ----------------
.intvecs   0    00000000    0000026c     
                  00000000    0000026c     tm4c123gh6pm_startup_ccs.obj (.intvecs)

.text      0    0000026c    00000fa2     
                  0000026c    00000b50     rtos.obj (.text)
                  00000dbc    0000017c     uart0.obj (.text)
                  00000f38    0000009c     rtsv7M4_T_le_v4SPD16_eabi.lib : memcpy_t2.asm.obj (.text)
                  00000fd4    0000007a                                   : memset_t2.asm.obj (.text)
                  0000104e    00000068                                   : copy_decompress_lzss.c.obj (.text:decompress:lzss:__TI_decompress_lzss)
                  000010b6    00000002                                   : div0.asm.obj (.text)
                  000010b8    00000044                                   : autoinit.c.obj (.text:__TI_auto_init_nobinit_nopinit:__TI_auto_init_nobinit_nopinit)
                  000010fc    00000040                                   : u_divt2.asm.obj (.text)
                  0000113c    0000003c     rtos_s.obj (.text)
                  00001178    00000034     rtsv7M4_T_le_v4SPD16_eabi.lib : boot_cortex_m.c.obj (.text:_c_int00_noargs:_c_int00_noargs)
                  000011ac    00000024     wait.obj (.text)
                  000011d0    0000001c     rtsv7M4_T_le_v4SPD16_eabi.lib : copy_zero_init.c.obj (.text:decompress:ZI:__TI_zero_init_nomemset:__TI_zero_init_nomemset)
                  000011ec    0000000e                                   : copy_decompress_none.c.obj (.text:decompress:none:__TI_decompress_none)
                  000011fa    0000000c     tm4c123gh6pm_startup_ccs.obj (.text)
                  00001206    00000004     rtsv7M4_T_le_v4SPD16_eabi.lib : pre_init.c.obj (.text:_system_pre_init)
                  0000120a    00000004                                   : exit.c.obj (.text:abort:abort)

.const     0    0000120e    00000007     
                  0000120e    00000007     rtos.obj (.const:.string:$P$T0$2)

.cinit     0    00001218    00000038     
                  00001218    0000000d     (.cinit..data.load) [load image, compression = lzss]
                  00001225    00000003     --HOLE-- [fill = 0]
                  00001228    0000000c     (__TI_handler_table)
                  00001234    00000004     --HOLE-- [fill = 0]
                  00001238    00000008     (.cinit..bss.load) [load image, compression = zero_init]
                  00001240    00000010     (__TI_cinit_table)

.init_array 
*          0    00000000    00000000     UNINITIALIZED

.bss       0    20000800    0000028c     UNINITIALIZED
                  20000800    00000210     (.common:tcb)
                  20000a10    00000078     (.common:semaphores)
                  20000a88    00000001     (.common:flashReq)
                  20000a89    00000001     (.common:keyPressed)
                  20000a8a    00000001     (.common:keyReleased)
                  20000a8b    00000001     (.common:resource)

.data      0    20000a8c    00000008     UNINITIALIZED
                  20000a8c    00000008     rtos.obj (.data)

.stack     0    20000000    00000800     UNINITIALIZED
                  20000000    00000004     rtsv7M4_T_le_v4SPD16_eabi.lib : boot_cortex_m.c.obj (.stack)
                  20000004    000007fc     --HOLE--

__llvm_prf_cnts 
*          0    20000000    00000000     UNINITIALIZED

MODULE SUMMARY

       Module                         code   ro data   rw data
       ------                         ----   -------   -------
    .\
       rtos.obj                       2896   7         660    
       tm4c123gh6pm_startup_ccs.obj   12     620       0      
       uart0.obj                      380    0         0      
       rtos_s.obj                     60     0         0      
       wait.obj                       36     0         0      
    +--+------------------------------+------+---------+---------+
       Total:                         3384   627       660    
                                                              
    C:\ti\ccs1011\ccs\tools\compiler\ti-cgt-arm_20.2.1.LTS\lib\rtsv7M4_T_le_v4SPD16_eabi.lib
       memcpy_t2.asm.obj              156    0         0      
       memset_t2.asm.obj              122    0         0      
       copy_decompress_lzss.c.obj     104    0         0      
       autoinit.c.obj                 68     0         0      
       u_divt2.asm.obj                64     0         0      
       boot_cortex_m.c.obj            52     0         0      
       copy_zero_init.c.obj           28     0         0      
       copy_decompress_none.c.obj     14     0         0      
       exit.c.obj                     4      0         0      
       pre_init.c.obj                 4      0         0      
       div0.asm.obj                   2      0         0      
    +--+------------------------------+------+---------+---------+
       Total:                         618    0         0      
                                                              
       Stack:                         0      0         2048   
       Linker Generated:              0      49        0      
    +--+------------------------------+------+---------+---------+
       Grand Total:                   4002   676       2708   


LINKER GENERATED COPY TABLES

__TI_cinit_table @ 00001240 records: 2, size/record: 8, table size: 16
	.data: load addr=00001218, load size=0000000d bytes, run addr=20000a8c, run size=00000008 bytes, compression=lzss
	.bss: load addr=00001238, load size=00000008 bytes, run addr=20000800, run size=0000028c bytes, compression=zero_init


LINKER GENERATED HANDLER TABLE

__TI_handler_table @ 00001228 records: 3, size/record: 4, table size: 12
	index: 0, handler: __TI_decompress_lzss
	index: 1, handler: __TI_decompress_none
	index: 2, handler: __TI_zero_init


GLOBAL SYMBOLS: SORTED ALPHABETICALLY BY Name 

address   name                          
-------   ----                          
0000120b  C$$EXIT                       
000006e9  PopRegsFromPSP                
0000031d  PrintIntToHex                 
000006c3  PushRegstoPSP                 
000011fb  ResetISR                      
20000800  __STACK_END                   
00000800  __STACK_SIZE                  
20000200  __STACK_TOP                   
00001240  __TI_CINIT_Base               
00001250  __TI_CINIT_Limit              
00001228  __TI_Handler_Table_Base       
00001234  __TI_Handler_Table_Limit      
000010b9  __TI_auto_init_nobinit_nopinit
0000104f  __TI_decompress_lzss          
000011ed  __TI_decompress_none          
ffffffff  __TI_pprof_out_hndl           
ffffffff  __TI_prof_data_size           
ffffffff  __TI_prof_data_start          
00000000  __TI_static_base__            
000011d1  __TI_zero_init_nomemset       
000010b7  __aeabi_idiv0                 
000010b7  __aeabi_ldiv0                 
00000fd5  __aeabi_memclr                
00000fd5  __aeabi_memclr4               
00000fd5  __aeabi_memclr8               
00000f39  __aeabi_memcpy                
00000f39  __aeabi_memcpy4               
00000f39  __aeabi_memcpy8               
00000fd7  __aeabi_memset                
00000fd7  __aeabi_memset4               
00000fd7  __aeabi_memset8               
000010fd  __aeabi_uidiv                 
000010fd  __aeabi_uidivmod              
ffffffff  __binit__                     
ffffffff  __c_args__                    
UNDEFED   __mpu_init                    
20000000  __stack                       
20000000  __start___llvm_prf_cnts       
20000000  __stop___llvm_prf_cnts        
00001179  _c_int00_noargs               
UNDEFED   _system_post_cinit            
00001207  _system_pre_init              
0000120b  abort                         
ffffffff  binit                         
000008a1  busFaultIsr                   
00000607  createSemaphore               
000003dd  createThread                  
00000be9  debounce                      
000005e9  destroyThread                 
00000c5d  errant                        
00000a99  flash4Hz                      
20000a88  flashReq                      
00000000  g_pfnVectors                  
00001149  getMSPaddress                 
00001143  getPSPaddress                 
000009d7  getSP                         
00000ec5  getcUart0                     
0000089f  hardFaultIsr                  
20000a8c  heap_pointer                  
00000a31  idle                          
000009dd  idle2                         
00000c8d  important                     
000008d1  initHw                        
0000026d  initRtos                      
00000dbd  initUart0                     
00000ed9  kbhitUart0                    
20000a89  keyPressed                    
20000a8a  keyReleased                   
00000adf  lengthyFn                     
00000cc9  main                          
00000f39  memcpy                        
00000fdd  memset                        
0000089d  mpuFaultIsr                   
00000aad  oneshot                       
00000acf  partOfLengthyFn               
0000073d  pendSvIsr                     
000006b5  post                          
0000115d  privilegedMode                
00000e7d  putcUart0                     
00000e99  putsUart0                     
00000b2d  readKeys                      
00000959  readPbs                       
20000a8b  resource                      
000005df  restartThread                 
000002bb  rtosScheduler                 
20000a90  semaphoreCount                
20000a10  semaphores                    
0000116b  setASPbit                     
0000113d  setPSPaddress                 
000005f9  setThreadPriority             
00000e51  setUart0BaudRate              
00000cb9  shell                         
00000699  sleep                         
0000064b  startRtos                     
00000891  svCallIsr                     
000006c1  systickIsr                    
20000a92  taskCount                     
20000a91  taskCurrent                   
20000800  tcb                           
00000c49  uncooperative                 
0000114f  unprivilegedMode              
000008b9  usageFaultIsr                 
000006a3  wait                          
000011ad  waitMicrosecond               
00000695  yield                         


GLOBAL SYMBOLS: SORTED BY Symbol Address 

address   name                          
-------   ----                          
00000000  __TI_static_base__            
00000000  g_pfnVectors                  
0000026d  initRtos                      
000002bb  rtosScheduler                 
0000031d  PrintIntToHex                 
000003dd  createThread                  
000005df  restartThread                 
000005e9  destroyThread                 
000005f9  setThreadPriority             
00000607  createSemaphore               
0000064b  startRtos                     
00000695  yield                         
00000699  sleep                         
000006a3  wait                          
000006b5  post                          
000006c1  systickIsr                    
000006c3  PushRegstoPSP                 
000006e9  PopRegsFromPSP                
0000073d  pendSvIsr                     
00000800  __STACK_SIZE                  
00000891  svCallIsr                     
0000089d  mpuFaultIsr                   
0000089f  hardFaultIsr                  
000008a1  busFaultIsr                   
000008b9  usageFaultIsr                 
000008d1  initHw                        
00000959  readPbs                       
000009d7  getSP                         
000009dd  idle2                         
00000a31  idle                          
00000a99  flash4Hz                      
00000aad  oneshot                       
00000acf  partOfLengthyFn               
00000adf  lengthyFn                     
00000b2d  readKeys                      
00000be9  debounce                      
00000c49  uncooperative                 
00000c5d  errant                        
00000c8d  important                     
00000cb9  shell                         
00000cc9  main                          
00000dbd  initUart0                     
00000e51  setUart0BaudRate              
00000e7d  putcUart0                     
00000e99  putsUart0                     
00000ec5  getcUart0                     
00000ed9  kbhitUart0                    
00000f39  __aeabi_memcpy                
00000f39  __aeabi_memcpy4               
00000f39  __aeabi_memcpy8               
00000f39  memcpy                        
00000fd5  __aeabi_memclr                
00000fd5  __aeabi_memclr4               
00000fd5  __aeabi_memclr8               
00000fd7  __aeabi_memset                
00000fd7  __aeabi_memset4               
00000fd7  __aeabi_memset8               
00000fdd  memset                        
0000104f  __TI_decompress_lzss          
000010b7  __aeabi_idiv0                 
000010b7  __aeabi_ldiv0                 
000010b9  __TI_auto_init_nobinit_nopinit
000010fd  __aeabi_uidiv                 
000010fd  __aeabi_uidivmod              
0000113d  setPSPaddress                 
00001143  getPSPaddress                 
00001149  getMSPaddress                 
0000114f  unprivilegedMode              
0000115d  privilegedMode                
0000116b  setASPbit                     
00001179  _c_int00_noargs               
000011ad  waitMicrosecond               
000011d1  __TI_zero_init_nomemset       
000011ed  __TI_decompress_none          
000011fb  ResetISR                      
00001207  _system_pre_init              
0000120b  C$$EXIT                       
0000120b  abort                         
00001228  __TI_Handler_Table_Base       
00001234  __TI_Handler_Table_Limit      
00001240  __TI_CINIT_Base               
00001250  __TI_CINIT_Limit              
20000000  __stack                       
20000000  __start___llvm_prf_cnts       
20000000  __stop___llvm_prf_cnts        
20000200  __STACK_TOP                   
20000800  __STACK_END                   
20000800  tcb                           
20000a10  semaphores                    
20000a88  flashReq                      
20000a89  keyPressed                    
20000a8a  keyReleased                   
20000a8b  resource                      
20000a8c  heap_pointer                  
20000a90  semaphoreCount                
20000a91  taskCurrent                   
20000a92  taskCount                     
ffffffff  __TI_pprof_out_hndl           
ffffffff  __TI_prof_data_size           
ffffffff  __TI_prof_data_start          
ffffffff  __binit__                     
ffffffff  __c_args__                    
ffffffff  binit                         
UNDEFED   __mpu_init                    
UNDEFED   _system_post_cinit            

[105 symbols]
