******************************************************************************
                  TI ARM Linker PC v20.2.1                     
******************************************************************************
>> Linked Tue Dec  1 18:10:31 2020

OUTPUT FILE NAME:   <RTOS.out>
ENTRY POINT SYMBOL: "_c_int00_noargs"  address: 00002d05


MEMORY CONFIGURATION

         name            origin    length      used     unused   attr    fill
----------------------  --------  ---------  --------  --------  ----  --------
  FLASH                 00000000   00040000  00002dda  0003d226  R  X
  SRAM                  20000000   00008000  00000bb5  0000744b  RW X


SEGMENT ALLOCATION MAP

run origin  load origin   length   init length attrs members
----------  ----------- ---------- ----------- ----- -------
00000000    00000000    00002de0   00002de0    r-x
  00000000    00000000    0000026c   0000026c    r-- .intvecs
  0000026c    0000026c    00002b2c   00002b2c    r-x .text
  00002d98    00002d98    0000000a   0000000a    r-- .const
  00002da8    00002da8    00000038   00000038    r-- .cinit
20000000    20000000    00000bb5   00000000    rw-
  20000000    20000000    00000800   00000000    rw- .stack
  20000800    20000800    00000338   00000000    rw- .bss
  20000b38    20000b38    0000007d   00000000    rw- .data


SECTION ALLOCATION MAP

 output                                  attributes/
section   page    origin      length       input sections
--------  ----  ----------  ----------   ----------------
.intvecs   0    00000000    0000026c     
                  00000000    0000026c     tm4c123gh6pm_startup_ccs.obj (.intvecs)

.text      0    0000026c    00002b2c     
                  0000026c    000026c4     rtos.obj (.text)
                  00002930    00000184     uart0.obj (.text)
                  00002ab4    0000009c     rtsv7M4_T_le_v4SPD16_eabi.lib : memcpy_t2.asm.obj (.text)
                  00002b50    0000007a                                   : memset_t2.asm.obj (.text)
                  00002bca    00000068                                   : copy_decompress_lzss.c.obj (.text:decompress:lzss:__TI_decompress_lzss)
                  00002c32    0000004c     rtos_s.obj (.text)
                  00002c7e    00000002     rtsv7M4_T_le_v4SPD16_eabi.lib : div0.asm.obj (.text)
                  00002c80    00000044                                   : autoinit.c.obj (.text:__TI_auto_init_nobinit_nopinit:__TI_auto_init_nobinit_nopinit)
                  00002cc4    00000040                                   : u_divt2.asm.obj (.text)
                  00002d04    00000034                                   : boot_cortex_m.c.obj (.text:_c_int00_noargs:_c_int00_noargs)
                  00002d38    00000024     wait.obj (.text)
                  00002d5c    0000001c     rtsv7M4_T_le_v4SPD16_eabi.lib : copy_zero_init.c.obj (.text:decompress:ZI:__TI_zero_init_nomemset:__TI_zero_init_nomemset)
                  00002d78    0000000e                                   : copy_decompress_none.c.obj (.text:decompress:none:__TI_decompress_none)
                  00002d86    0000000a     tm4c123gh6pm_startup_ccs.obj (.text)
                  00002d90    00000004     rtsv7M4_T_le_v4SPD16_eabi.lib : pre_init.c.obj (.text:_system_pre_init)
                  00002d94    00000004                                   : exit.c.obj (.text:abort:abort)

.const     0    00002d98    0000000a     
                  00002d98    00000007     rtos.obj (.const:.string:$P$T0$2)
                  00002d9f    00000003     rtos.obj (.const:.string:$P$T1$3)

.cinit     0    00002da8    00000038     
                  00002da8    00000014     (.cinit..data.load) [load image, compression = lzss]
                  00002dbc    0000000c     (__TI_handler_table)
                  00002dc8    00000008     (.cinit..bss.load) [load image, compression = zero_init]
                  00002dd0    00000010     (__TI_cinit_table)

.init_array 
*          0    00000000    00000000     UNINITIALIZED

.bss       0    20000800    00000338     UNINITIALIZED
                  20000800    00000270     (.common:tcb)
                  20000a70    000000c8     (.common:semaphores)

.data      0    20000b38    0000007d     UNINITIALIZED
                  20000b38    00000070     rtos.obj (.data:CPU_TIME)
                  20000ba8    0000000d     rtos.obj (.data)

.stack     0    20000000    00000800     UNINITIALIZED
                  20000000    00000004     rtsv7M4_T_le_v4SPD16_eabi.lib : boot_cortex_m.c.obj (.stack)
                  20000004    000007fc     --HOLE--

__llvm_prf_cnts 
*          0    20000000    00000000     UNINITIALIZED

MODULE SUMMARY

       Module                         code    ro data   rw data
       ------                         ----    -------   -------
    .\
       rtos.obj                       9924    10        949    
       tm4c123gh6pm_startup_ccs.obj   10      620       0      
       uart0.obj                      388     0         0      
       rtos_s.obj                     76      0         0      
       wait.obj                       36      0         0      
    +--+------------------------------+-------+---------+---------+
       Total:                         10434   630       949    
                                                               
    C:\ti\ccs1011\ccs\tools\compiler\ti-cgt-arm_20.2.1.LTS\lib\rtsv7M4_T_le_v4SPD16_eabi.lib
       memcpy_t2.asm.obj              156     0         0      
       memset_t2.asm.obj              122     0         0      
       copy_decompress_lzss.c.obj     104     0         0      
       autoinit.c.obj                 68      0         0      
       u_divt2.asm.obj                64      0         0      
       boot_cortex_m.c.obj            52      0         0      
       copy_zero_init.c.obj           28      0         0      
       copy_decompress_none.c.obj     14      0         0      
       exit.c.obj                     4       0         0      
       pre_init.c.obj                 4       0         0      
       div0.asm.obj                   2       0         0      
    +--+------------------------------+-------+---------+---------+
       Total:                         618     0         0      
                                                               
       Stack:                         0       0         2048   
       Linker Generated:              0       56        0      
    +--+------------------------------+-------+---------+---------+
       Grand Total:                   11052   686       2997   


LINKER GENERATED COPY TABLES

__TI_cinit_table @ 00002dd0 records: 2, size/record: 8, table size: 16
	.data: load addr=00002da8, load size=00000014 bytes, run addr=20000b38, run size=0000007d bytes, compression=lzss
	.bss: load addr=00002dc8, load size=00000008 bytes, run addr=20000800, run size=00000338 bytes, compression=zero_init


LINKER GENERATED HANDLER TABLE

__TI_handler_table @ 00002dbc records: 3, size/record: 4, table size: 12
	index: 0, handler: __TI_decompress_lzss
	index: 1, handler: __TI_decompress_none
	index: 2, handler: __TI_zero_init


GLOBAL SYMBOLS: SORTED ALPHABETICALLY BY Name 

address   name                          
-------   ----                          
00002d95  C$$EXIT                       
20000b38  CPU_TIME                      
00000c23  PopRegsFromPSP                
000004cf  PrintIntToHex                 
00000bfd  PushRegstoPSP                 
00002d87  ResetISR                      
20000800  __STACK_END                   
00000800  __STACK_SIZE                  
20000200  __STACK_TOP                   
00002dd0  __TI_CINIT_Base               
00002de0  __TI_CINIT_Limit              
00002dbc  __TI_Handler_Table_Base       
00002dc8  __TI_Handler_Table_Limit      
00002c81  __TI_auto_init_nobinit_nopinit
00002bcb  __TI_decompress_lzss          
00002d79  __TI_decompress_none          
ffffffff  __TI_pprof_out_hndl           
ffffffff  __TI_prof_data_size           
ffffffff  __TI_prof_data_start          
00000000  __TI_static_base__            
00002d5d  __TI_zero_init_nomemset       
00002c7f  __aeabi_idiv0                 
00002c7f  __aeabi_ldiv0                 
00002b51  __aeabi_memclr                
00002b51  __aeabi_memclr4               
00002b51  __aeabi_memclr8               
00002ab5  __aeabi_memcpy                
00002ab5  __aeabi_memcpy4               
00002ab5  __aeabi_memcpy8               
00002b53  __aeabi_memset                
00002b53  __aeabi_memset4               
00002b53  __aeabi_memset8               
00002cc5  __aeabi_uidiv                 
00002cc5  __aeabi_uidivmod              
ffffffff  __binit__                     
ffffffff  __c_args__                    
UNDEFED   __mpu_init                    
20000000  __stack                       
20000000  __start___llvm_prf_cnts       
20000000  __stop___llvm_prf_cnts        
00002d05  _c_int00_noargs               
UNDEFED   _system_post_cinit            
00002d91  _system_pre_init              
00002d95  abort                         
0000218d  alphabetToInteger             
ffffffff  binit                         
000019e1  busFaultIsr                   
00000925  createSemaphore               
00000689  createThread                  
00001ed9  debounce                      
00000903  destroyThread                 
00001f41  errant                        
00001d47  flash4Hz                      
00000000  g_pfnVectors                  
00002271  getFieldInteger               
00002151  getFieldString                
000005b5  getIntString                  
00002c3f  getMSPaddress                 
00002c39  getPSPaddress                 
00001c51  getSP                         
00002c6f  getSVCNumber                  
00002a39  getcUart0                     
00001f8d  getsUart0                     
000018ef  hardFaultIsr                  
20000ba8  heap_pointer                  
000022ab  hexToInt                      
00001cd9  idle                          
00001c89  idle2                         
00001f5f  important                     
00001a79  initHw                        
00000357  initRtos                      
00002931  initUart0                     
0000026d  init_MPU                      
00002403  ipcs                          
000023cd  isCommand                     
00002a55  kbhitUart0                    
0000240f  kill                          
00001dc1  lengthyFn                     
0000268d  main                          
00002ab5  memcpy                        
00002b59  memset                        
0000178d  mpuFaultIsr                   
00001d5b  oneshot                       
00002015  parseFields                   
00001d79  partOfLengthyFn               
00000c55  pendSvIsr                     
0000241b  pi                            
20000bb1  piON                          
00002445  pidof                         
20000bb2  pingpong                      
00000aa5  post                          
00002429  preempt                       
20000bb0  preemptON                     
20000baf  priorityScheduling            
00002c53  privilegedMode                
000023ff  ps                            
000029f1  putcUart0                     
00002a0d  putsUart0                     
00001e49  readKeys                      
00001bd5  readPbs                       
00002451  reboot                        
000008f9  restartThread                 
000003a5  rtosScheduler                 
00002455  run                           
00002437  sched                         
20000bac  semaphoreCount                
20000a70  semaphores                    
00002c61  setASPbit                     
00002c33  setPSPaddress                 
0000090d  setThreadPriority             
000029c5  setUart0BaudRate              
00002461  shell                         
00000a85  sleep                         
000009c1  startRtos                     
000021d5  stringCompare                 
00000e71  svCallIsr                     
20000bb3  systickCount                  
00000ae5  systickIsr                    
20000bae  taskCount                     
20000bad  taskCurrent                   
20000800  tcb                           
00001b37  timer1Isr                     
00001f25  uncooperative                 
00002c45  unprivilegedMode              
00001a39  usageFaultIsr                 
00000a91  wait                          
00002d39  waitMicrosecond               
00000a81  yield                         


GLOBAL SYMBOLS: SORTED BY Symbol Address 

address   name                          
-------   ----                          
00000000  __TI_static_base__            
00000000  g_pfnVectors                  
0000026d  init_MPU                      
00000357  initRtos                      
000003a5  rtosScheduler                 
000004cf  PrintIntToHex                 
000005b5  getIntString                  
00000689  createThread                  
00000800  __STACK_SIZE                  
000008f9  restartThread                 
00000903  destroyThread                 
0000090d  setThreadPriority             
00000925  createSemaphore               
000009c1  startRtos                     
00000a81  yield                         
00000a85  sleep                         
00000a91  wait                          
00000aa5  post                          
00000ae5  systickIsr                    
00000bfd  PushRegstoPSP                 
00000c23  PopRegsFromPSP                
00000c55  pendSvIsr                     
00000e71  svCallIsr                     
0000178d  mpuFaultIsr                   
000018ef  hardFaultIsr                  
000019e1  busFaultIsr                   
00001a39  usageFaultIsr                 
00001a79  initHw                        
00001b37  timer1Isr                     
00001bd5  readPbs                       
00001c51  getSP                         
00001c89  idle2                         
00001cd9  idle                          
00001d47  flash4Hz                      
00001d5b  oneshot                       
00001d79  partOfLengthyFn               
00001dc1  lengthyFn                     
00001e49  readKeys                      
00001ed9  debounce                      
00001f25  uncooperative                 
00001f41  errant                        
00001f5f  important                     
00001f8d  getsUart0                     
00002015  parseFields                   
00002151  getFieldString                
0000218d  alphabetToInteger             
000021d5  stringCompare                 
00002271  getFieldInteger               
000022ab  hexToInt                      
000023cd  isCommand                     
000023ff  ps                            
00002403  ipcs                          
0000240f  kill                          
0000241b  pi                            
00002429  preempt                       
00002437  sched                         
00002445  pidof                         
00002451  reboot                        
00002455  run                           
00002461  shell                         
0000268d  main                          
00002931  initUart0                     
000029c5  setUart0BaudRate              
000029f1  putcUart0                     
00002a0d  putsUart0                     
00002a39  getcUart0                     
00002a55  kbhitUart0                    
00002ab5  __aeabi_memcpy                
00002ab5  __aeabi_memcpy4               
00002ab5  __aeabi_memcpy8               
00002ab5  memcpy                        
00002b51  __aeabi_memclr                
00002b51  __aeabi_memclr4               
00002b51  __aeabi_memclr8               
00002b53  __aeabi_memset                
00002b53  __aeabi_memset4               
00002b53  __aeabi_memset8               
00002b59  memset                        
00002bcb  __TI_decompress_lzss          
00002c33  setPSPaddress                 
00002c39  getPSPaddress                 
00002c3f  getMSPaddress                 
00002c45  unprivilegedMode              
00002c53  privilegedMode                
00002c61  setASPbit                     
00002c6f  getSVCNumber                  
00002c7f  __aeabi_idiv0                 
00002c7f  __aeabi_ldiv0                 
00002c81  __TI_auto_init_nobinit_nopinit
00002cc5  __aeabi_uidiv                 
00002cc5  __aeabi_uidivmod              
00002d05  _c_int00_noargs               
00002d39  waitMicrosecond               
00002d5d  __TI_zero_init_nomemset       
00002d79  __TI_decompress_none          
00002d87  ResetISR                      
00002d91  _system_pre_init              
00002d95  C$$EXIT                       
00002d95  abort                         
00002dbc  __TI_Handler_Table_Base       
00002dc8  __TI_Handler_Table_Limit      
00002dd0  __TI_CINIT_Base               
00002de0  __TI_CINIT_Limit              
20000000  __stack                       
20000000  __start___llvm_prf_cnts       
20000000  __stop___llvm_prf_cnts        
20000200  __STACK_TOP                   
20000800  __STACK_END                   
20000800  tcb                           
20000a70  semaphores                    
20000b38  CPU_TIME                      
20000ba8  heap_pointer                  
20000bac  semaphoreCount                
20000bad  taskCurrent                   
20000bae  taskCount                     
20000baf  priorityScheduling            
20000bb0  preemptON                     
20000bb1  piON                          
20000bb2  pingpong                      
20000bb3  systickCount                  
ffffffff  __TI_pprof_out_hndl           
ffffffff  __TI_prof_data_size           
ffffffff  __TI_prof_data_start          
ffffffff  __binit__                     
ffffffff  __c_args__                    
ffffffff  binit                         
UNDEFED   __mpu_init                    
UNDEFED   _system_post_cinit            

[128 symbols]
