******************************************************************************
                  TI ARM Linker PC v20.2.1                     
******************************************************************************
>> Linked Fri Nov 27 21:36:06 2020

OUTPUT FILE NAME:   <RTOS.out>
ENTRY POINT SYMBOL: "_c_int00_noargs"  address: 000023e5


MEMORY CONFIGURATION

         name            origin    length      used     unused   attr    fill
----------------------  --------  ---------  --------  --------  ----  --------
  FLASH                 00000000   00040000  000024bc  0003db44  R  X
  SRAM                  20000000   00008000  00000b3e  000074c2  RW X


SEGMENT ALLOCATION MAP

run origin  load origin   length   init length attrs members
----------  ----------- ---------- ----------- ----- -------
00000000    00000000    000024c0   000024c0    r-x
  00000000    00000000    0000026c   0000026c    r-- .intvecs
  0000026c    0000026c    0000220e   0000220e    r-x .text
  0000247a    0000247a    0000000a   0000000a    r-- .const
  00002488    00002488    00000038   00000038    r-- .cinit
20000000    20000000    00000b3e   00000000    rw-
  20000000    20000000    00000800   00000000    rw- .stack
  20000800    20000800    000002bc   00000000    rw- .bss
  20000abc    20000abc    00000082   00000000    rw- .data


SECTION ALLOCATION MAP

 output                                  attributes/
section   page    origin      length       input sections
--------  ----  ----------  ----------   ----------------
.intvecs   0    00000000    0000026c     
                  00000000    0000026c     tm4c123gh6pm_startup_ccs.obj (.intvecs)

.text      0    0000026c    0000220e     
                  0000026c    00001da4     rtos.obj (.text)
                  00002010    00000184     uart0.obj (.text)
                  00002194    0000009c     rtsv7M4_T_le_v4SPD16_eabi.lib : memcpy_t2.asm.obj (.text)
                  00002230    0000007a                                   : memset_t2.asm.obj (.text)
                  000022aa    00000068                                   : copy_decompress_lzss.c.obj (.text:decompress:lzss:__TI_decompress_lzss)
                  00002312    0000004c     rtos_s.obj (.text)
                  0000235e    00000002     rtsv7M4_T_le_v4SPD16_eabi.lib : div0.asm.obj (.text)
                  00002360    00000044                                   : autoinit.c.obj (.text:__TI_auto_init_nobinit_nopinit:__TI_auto_init_nobinit_nopinit)
                  000023a4    00000040                                   : u_divt2.asm.obj (.text)
                  000023e4    00000034                                   : boot_cortex_m.c.obj (.text:_c_int00_noargs:_c_int00_noargs)
                  00002418    00000024     wait.obj (.text)
                  0000243c    0000001c     rtsv7M4_T_le_v4SPD16_eabi.lib : copy_zero_init.c.obj (.text:decompress:ZI:__TI_zero_init_nomemset:__TI_zero_init_nomemset)
                  00002458    0000000e                                   : copy_decompress_none.c.obj (.text:decompress:none:__TI_decompress_none)
                  00002466    0000000c     tm4c123gh6pm_startup_ccs.obj (.text)
                  00002472    00000004     rtsv7M4_T_le_v4SPD16_eabi.lib : pre_init.c.obj (.text:_system_pre_init)
                  00002476    00000004                                   : exit.c.obj (.text:abort:abort)

.const     0    0000247a    0000000a     
                  0000247a    00000007     rtos.obj (.const:.string:$P$T0$2)
                  00002481    00000003     rtos.obj (.const:.string:$P$T1$3)

.cinit     0    00002488    00000038     
                  00002488    00000014     (.cinit..data.load) [load image, compression = lzss]
                  0000249c    0000000c     (__TI_handler_table)
                  000024a8    00000008     (.cinit..bss.load) [load image, compression = zero_init]
                  000024b0    00000010     (__TI_cinit_table)

.init_array 
*          0    00000000    00000000     UNINITIALIZED

.bss       0    20000800    000002bc     UNINITIALIZED
                  20000800    00000240     (.common:tcb)
                  20000a40    00000078     (.common:semaphores)
                  20000ab8    00000001     (.common:flashReq)
                  20000ab9    00000001     (.common:keyPressed)
                  20000aba    00000001     (.common:keyReleased)
                  20000abb    00000001     (.common:resource)

.data      0    20000abc    00000082     UNINITIALIZED
                  20000abc    00000070     rtos.obj (.data:CPU_TIME)
                  20000b2c    00000012     rtos.obj (.data)

.stack     0    20000000    00000800     UNINITIALIZED
                  20000000    00000004     rtsv7M4_T_le_v4SPD16_eabi.lib : boot_cortex_m.c.obj (.stack)
                  20000004    000007fc     --HOLE--

__llvm_prf_cnts 
*          0    20000000    00000000     UNINITIALIZED

MODULE SUMMARY

       Module                         code   ro data   rw data
       ------                         ----   -------   -------
    .\
       rtos.obj                       7588   10        830    
       tm4c123gh6pm_startup_ccs.obj   12     620       0      
       uart0.obj                      388    0         0      
       rtos_s.obj                     76     0         0      
       wait.obj                       36     0         0      
    +--+------------------------------+------+---------+---------+
       Total:                         8100   630       830    
                                                              
    C:\ti\ccs1011\ccs\tools\compiler\ti-cgt-arm_20.2.1.LTS\lib\rtsv7M4_T_le_v4SPD16_eabi.lib
       memcpy_t2.asm.obj              156    0         0      
       memset_t2.asm.obj              122    0         0      
       copy_decompress_lzss.c.obj     104    0         0      
       autoinit.c.obj                 68     0         0      
       u_divt2.asm.obj                64     0         0      
       boot_cortex_m.c.obj            52     0         0      
       copy_zero_init.c.obj           28     0         0      
       copy_decompress_none.c.obj     14     0         0      
       exit.c.obj                     4      0         0      
       pre_init.c.obj                 4      0         0      
       div0.asm.obj                   2      0         0      
    +--+------------------------------+------+---------+---------+
       Total:                         618    0         0      
                                                              
       Stack:                         0      0         2048   
       Linker Generated:              0      56        0      
    +--+------------------------------+------+---------+---------+
       Grand Total:                   8718   686       2878   


LINKER GENERATED COPY TABLES

__TI_cinit_table @ 000024b0 records: 2, size/record: 8, table size: 16
	.data: load addr=00002488, load size=00000014 bytes, run addr=20000abc, run size=00000082 bytes, compression=lzss
	.bss: load addr=000024a8, load size=00000008 bytes, run addr=20000800, run size=000002bc bytes, compression=zero_init


LINKER GENERATED HANDLER TABLE

__TI_handler_table @ 0000249c records: 3, size/record: 4, table size: 12
	index: 0, handler: __TI_decompress_lzss
	index: 1, handler: __TI_decompress_none
	index: 2, handler: __TI_zero_init


GLOBAL SYMBOLS: SORTED ALPHABETICALLY BY Name 

address   name                          
-------   ----                          
00002477  C$$EXIT                       
20000abc  CPU_TIME                      
00000969  PopRegsFromPSP                
0000039b  PrintIntToHex                 
00000935  PushRegstoPSP                 
00002467  ResetISR                      
20000b38  TOTALTIME                     
20000800  __STACK_END                   
00000800  __STACK_SIZE                  
20000200  __STACK_TOP                   
000024b0  __TI_CINIT_Base               
000024c0  __TI_CINIT_Limit              
0000249c  __TI_Handler_Table_Base       
000024a8  __TI_Handler_Table_Limit      
00002361  __TI_auto_init_nobinit_nopinit
000022ab  __TI_decompress_lzss          
00002459  __TI_decompress_none          
ffffffff  __TI_pprof_out_hndl           
ffffffff  __TI_prof_data_size           
ffffffff  __TI_prof_data_start          
00000000  __TI_static_base__            
0000243d  __TI_zero_init_nomemset       
0000235f  __aeabi_idiv0                 
0000235f  __aeabi_ldiv0                 
00002231  __aeabi_memclr                
00002231  __aeabi_memclr4               
00002231  __aeabi_memclr8               
00002195  __aeabi_memcpy                
00002195  __aeabi_memcpy4               
00002195  __aeabi_memcpy8               
00002233  __aeabi_memset                
00002233  __aeabi_memset4               
00002233  __aeabi_memset8               
000023a5  __aeabi_uidiv                 
000023a5  __aeabi_uidivmod              
ffffffff  __binit__                     
ffffffff  __c_args__                    
UNDEFED   __mpu_init                    
20000000  __stack                       
20000000  __start___llvm_prf_cnts       
20000000  __stop___llvm_prf_cnts        
000023e5  _c_int00_noargs               
UNDEFED   _system_post_cinit            
00002473  _system_pre_init              
00002477  abort                         
0000180b  alphabetToInteger             
ffffffff  binit                         
0000111b  busFaultIsr                   
0000077f  createSemaphore               
0000052d  createThread                  
00001539  debounce                      
00000767  destroyThread                 
000015a9  errant                        
000013b1  flash4Hz                      
20000ab8  flashReq                      
00000000  g_pfnVectors                  
000018ed  getFieldInteger               
000017d9  getFieldString                
00000457  getIntString                  
0000231f  getMSPaddress                 
00002319  getPSPaddress                 
000012bf  getSP                         
0000234f  getSVCNumber                  
00002119  getcUart0                     
000015fd  getsUart0                     
00001119  hardFaultIsr                  
20000b2c  heap_pointer                  
00001927  hexToInt                      
00001351  idle                          
000012cb  idle2                         
000015cd  important                     
0000116d  initHw                        
0000026d  initRtos                      
00002011  initUart0                     
00001a7f  ipcs                          
00001a49  isCommand                     
00002135  kbhitUart0                    
20000ab9  keyPressed                    
20000aba  keyReleased                   
00001a89  kill                          
000013f7  lengthyFn                     
00001d99  main                          
00002195  memcpy                        
00002239  memset                        
00001117  mpuFaultIsr                   
000013c5  oneshot                       
00001695  parseFields                   
000013e7  partOfLengthyFn               
000009f1  pendSvIsr                     
00001a95  pi                            
00001ae9  pidof                         
20000b34  pingpong                      
0000083b  post                          
00001ab1  preempt                       
20000b33  priorityScheduling            
00002333  privilegedMode                
00001a7b  ps                            
000020d1  putcUart0                     
000020ed  putsUart0                     
00001469  readKeys                      
00001241  readPbs                       
00001af5  reboot                        
20000abb  resource                      
0000075d  restartThread                 
000002bb  rtosScheduler                 
00001af9  run                           
00001acd  sched                         
20000b30  semaphoreCount                
20000a40  semaphores                    
00002341  setASPbit                     
00002313  setPSPaddress                 
00000771  setThreadPriority             
000020a5  setUart0BaudRate              
00001b05  shell                         
00000821  sleep                         
000007c3  startRtos                     
00001851  stringCompare                 
00000b6d  svCallIsr                     
20000b3c  systickCount                  
00000851  systickIsr                    
20000b32  taskCount                     
20000b31  taskCurrent                   
20000800  tcb                           
00001225  timer1Isr                     
0000158d  uncooperative                 
00002325  unprivilegedMode              
0000111d  usageFaultIsr                 
0000082d  wait                          
00002419  waitMicrosecond               
0000081d  yield                         


GLOBAL SYMBOLS: SORTED BY Symbol Address 

address   name                          
-------   ----                          
00000000  __TI_static_base__            
00000000  g_pfnVectors                  
0000026d  initRtos                      
000002bb  rtosScheduler                 
0000039b  PrintIntToHex                 
00000457  getIntString                  
0000052d  createThread                  
0000075d  restartThread                 
00000767  destroyThread                 
00000771  setThreadPriority             
0000077f  createSemaphore               
000007c3  startRtos                     
00000800  __STACK_SIZE                  
0000081d  yield                         
00000821  sleep                         
0000082d  wait                          
0000083b  post                          
00000851  systickIsr                    
00000935  PushRegstoPSP                 
00000969  PopRegsFromPSP                
000009f1  pendSvIsr                     
00000b6d  svCallIsr                     
00001117  mpuFaultIsr                   
00001119  hardFaultIsr                  
0000111b  busFaultIsr                   
0000111d  usageFaultIsr                 
0000116d  initHw                        
00001225  timer1Isr                     
00001241  readPbs                       
000012bf  getSP                         
000012cb  idle2                         
00001351  idle                          
000013b1  flash4Hz                      
000013c5  oneshot                       
000013e7  partOfLengthyFn               
000013f7  lengthyFn                     
00001469  readKeys                      
00001539  debounce                      
0000158d  uncooperative                 
000015a9  errant                        
000015cd  important                     
000015fd  getsUart0                     
00001695  parseFields                   
000017d9  getFieldString                
0000180b  alphabetToInteger             
00001851  stringCompare                 
000018ed  getFieldInteger               
00001927  hexToInt                      
00001a49  isCommand                     
00001a7b  ps                            
00001a7f  ipcs                          
00001a89  kill                          
00001a95  pi                            
00001ab1  preempt                       
00001acd  sched                         
00001ae9  pidof                         
00001af5  reboot                        
00001af9  run                           
00001b05  shell                         
00001d99  main                          
00002011  initUart0                     
000020a5  setUart0BaudRate              
000020d1  putcUart0                     
000020ed  putsUart0                     
00002119  getcUart0                     
00002135  kbhitUart0                    
00002195  __aeabi_memcpy                
00002195  __aeabi_memcpy4               
00002195  __aeabi_memcpy8               
00002195  memcpy                        
00002231  __aeabi_memclr                
00002231  __aeabi_memclr4               
00002231  __aeabi_memclr8               
00002233  __aeabi_memset                
00002233  __aeabi_memset4               
00002233  __aeabi_memset8               
00002239  memset                        
000022ab  __TI_decompress_lzss          
00002313  setPSPaddress                 
00002319  getPSPaddress                 
0000231f  getMSPaddress                 
00002325  unprivilegedMode              
00002333  privilegedMode                
00002341  setASPbit                     
0000234f  getSVCNumber                  
0000235f  __aeabi_idiv0                 
0000235f  __aeabi_ldiv0                 
00002361  __TI_auto_init_nobinit_nopinit
000023a5  __aeabi_uidiv                 
000023a5  __aeabi_uidivmod              
000023e5  _c_int00_noargs               
00002419  waitMicrosecond               
0000243d  __TI_zero_init_nomemset       
00002459  __TI_decompress_none          
00002467  ResetISR                      
00002473  _system_pre_init              
00002477  C$$EXIT                       
00002477  abort                         
0000249c  __TI_Handler_Table_Base       
000024a8  __TI_Handler_Table_Limit      
000024b0  __TI_CINIT_Base               
000024c0  __TI_CINIT_Limit              
20000000  __stack                       
20000000  __start___llvm_prf_cnts       
20000000  __stop___llvm_prf_cnts        
20000200  __STACK_TOP                   
20000800  __STACK_END                   
20000800  tcb                           
20000a40  semaphores                    
20000ab8  flashReq                      
20000ab9  keyPressed                    
20000aba  keyReleased                   
20000abb  resource                      
20000abc  CPU_TIME                      
20000b2c  heap_pointer                  
20000b30  semaphoreCount                
20000b31  taskCurrent                   
20000b32  taskCount                     
20000b33  priorityScheduling            
20000b34  pingpong                      
20000b38  TOTALTIME                     
20000b3c  systickCount                  
ffffffff  __TI_pprof_out_hndl           
ffffffff  __TI_prof_data_size           
ffffffff  __TI_prof_data_start          
ffffffff  __binit__                     
ffffffff  __c_args__                    
ffffffff  binit                         
UNDEFED   __mpu_init                    
UNDEFED   _system_post_cinit            

[130 symbols]
