******************************************************************************
                  TI ARM Linker PC v20.2.1                     
******************************************************************************
>> Linked Mon Nov 30 00:30:28 2020

OUTPUT FILE NAME:   <RTOS.out>
ENTRY POINT SYMBOL: "_c_int00_noargs"  address: 00002ad5


MEMORY CONFIGURATION

         name            origin    length      used     unused   attr    fill
----------------------  --------  ---------  --------  --------  ----  --------
  FLASH                 00000000   00040000  00002bac  0003d454  R  X
  SRAM                  20000000   00008000  00000bb9  00007447  RW X


SEGMENT ALLOCATION MAP

run origin  load origin   length   init length attrs members
----------  ----------- ---------- ----------- ----- -------
00000000    00000000    00002bb0   00002bb0    r-x
  00000000    00000000    0000026c   0000026c    r-- .intvecs
  0000026c    0000026c    000028fe   000028fe    r-x .text
  00002b6a    00002b6a    0000000a   0000000a    r-- .const
  00002b78    00002b78    00000038   00000038    r-- .cinit
20000000    20000000    00000bb9   00000000    rw-
  20000000    20000000    00000800   00000000    rw- .stack
  20000800    20000800    0000033c   00000000    rw- .bss
  20000b3c    20000b3c    0000007d   00000000    rw- .data


SECTION ALLOCATION MAP

 output                                  attributes/
section   page    origin      length       input sections
--------  ----  ----------  ----------   ----------------
.intvecs   0    00000000    0000026c     
                  00000000    0000026c     tm4c123gh6pm_startup_ccs.obj (.intvecs)

.text      0    0000026c    000028fe     
                  0000026c    00002494     rtos.obj (.text)
                  00002700    00000184     uart0.obj (.text)
                  00002884    0000009c     rtsv7M4_T_le_v4SPD16_eabi.lib : memcpy_t2.asm.obj (.text)
                  00002920    0000007a                                   : memset_t2.asm.obj (.text)
                  0000299a    00000068                                   : copy_decompress_lzss.c.obj (.text:decompress:lzss:__TI_decompress_lzss)
                  00002a02    0000004c     rtos_s.obj (.text)
                  00002a4e    00000002     rtsv7M4_T_le_v4SPD16_eabi.lib : div0.asm.obj (.text)
                  00002a50    00000044                                   : autoinit.c.obj (.text:__TI_auto_init_nobinit_nopinit:__TI_auto_init_nobinit_nopinit)
                  00002a94    00000040                                   : u_divt2.asm.obj (.text)
                  00002ad4    00000034                                   : boot_cortex_m.c.obj (.text:_c_int00_noargs:_c_int00_noargs)
                  00002b08    00000024     wait.obj (.text)
                  00002b2c    0000001c     rtsv7M4_T_le_v4SPD16_eabi.lib : copy_zero_init.c.obj (.text:decompress:ZI:__TI_zero_init_nomemset:__TI_zero_init_nomemset)
                  00002b48    0000000e                                   : copy_decompress_none.c.obj (.text:decompress:none:__TI_decompress_none)
                  00002b56    0000000c     tm4c123gh6pm_startup_ccs.obj (.text)
                  00002b62    00000004     rtsv7M4_T_le_v4SPD16_eabi.lib : pre_init.c.obj (.text:_system_pre_init)
                  00002b66    00000004                                   : exit.c.obj (.text:abort:abort)

.const     0    00002b6a    0000000a     
                  00002b6a    00000007     rtos.obj (.const:.string:$P$T0$2)
                  00002b71    00000003     rtos.obj (.const:.string:$P$T1$3)

.cinit     0    00002b78    00000038     
                  00002b78    00000014     (.cinit..data.load) [load image, compression = lzss]
                  00002b8c    0000000c     (__TI_handler_table)
                  00002b98    00000008     (.cinit..bss.load) [load image, compression = zero_init]
                  00002ba0    00000010     (__TI_cinit_table)

.init_array 
*          0    00000000    00000000     UNINITIALIZED

.bss       0    20000800    0000033c     UNINITIALIZED
                  20000800    00000270     (.common:tcb)
                  20000a70    000000c8     (.common:semaphores)
                  20000b38    00000001     (.common:flashReq)
                  20000b39    00000001     (.common:keyPressed)
                  20000b3a    00000001     (.common:keyReleased)
                  20000b3b    00000001     (.common:resource)

.data      0    20000b3c    0000007d     UNINITIALIZED
                  20000b3c    00000070     rtos.obj (.data:CPU_TIME)
                  20000bac    0000000d     rtos.obj (.data)

.stack     0    20000000    00000800     UNINITIALIZED
                  20000000    00000004     rtsv7M4_T_le_v4SPD16_eabi.lib : boot_cortex_m.c.obj (.stack)
                  20000004    000007fc     --HOLE--

__llvm_prf_cnts 
*          0    20000000    00000000     UNINITIALIZED

MODULE SUMMARY

       Module                         code    ro data   rw data
       ------                         ----    -------   -------
    .\
       rtos.obj                       9364    10        953    
       tm4c123gh6pm_startup_ccs.obj   12      620       0      
       uart0.obj                      388     0         0      
       rtos_s.obj                     76      0         0      
       wait.obj                       36      0         0      
    +--+------------------------------+-------+---------+---------+
       Total:                         9876    630       953    
                                                               
    C:\ti\ccs1011\ccs\tools\compiler\ti-cgt-arm_20.2.1.LTS\lib\rtsv7M4_T_le_v4SPD16_eabi.lib
       memcpy_t2.asm.obj              156     0         0      
       memset_t2.asm.obj              122     0         0      
       copy_decompress_lzss.c.obj     104     0         0      
       autoinit.c.obj                 68      0         0      
       u_divt2.asm.obj                64      0         0      
       boot_cortex_m.c.obj            52      0         0      
       copy_zero_init.c.obj           28      0         0      
       copy_decompress_none.c.obj     14      0         0      
       exit.c.obj                     4       0         0      
       pre_init.c.obj                 4       0         0      
       div0.asm.obj                   2       0         0      
    +--+------------------------------+-------+---------+---------+
       Total:                         618     0         0      
                                                               
       Stack:                         0       0         2048   
       Linker Generated:              0       56        0      
    +--+------------------------------+-------+---------+---------+
       Grand Total:                   10494   686       3001   


LINKER GENERATED COPY TABLES

__TI_cinit_table @ 00002ba0 records: 2, size/record: 8, table size: 16
	.data: load addr=00002b78, load size=00000014 bytes, run addr=20000b3c, run size=0000007d bytes, compression=lzss
	.bss: load addr=00002b98, load size=00000008 bytes, run addr=20000800, run size=0000033c bytes, compression=zero_init


LINKER GENERATED HANDLER TABLE

__TI_handler_table @ 00002b8c records: 3, size/record: 4, table size: 12
	index: 0, handler: __TI_decompress_lzss
	index: 1, handler: __TI_decompress_none
	index: 2, handler: __TI_zero_init


GLOBAL SYMBOLS: SORTED ALPHABETICALLY BY Name 

address   name                          
-------   ----                          
00002b67  C$$EXIT                       
20000b3c  CPU_TIME                      
00000bb1  PopRegsFromPSP                
000004c5  PrintIntToHex                 
00000b41  PushRegstoPSP                 
00002b57  ResetISR                      
20000800  __STACK_END                   
00000800  __STACK_SIZE                  
20000200  __STACK_TOP                   
00002ba0  __TI_CINIT_Base               
00002bb0  __TI_CINIT_Limit              
00002b8c  __TI_Handler_Table_Base       
00002b98  __TI_Handler_Table_Limit      
00002a51  __TI_auto_init_nobinit_nopinit
0000299b  __TI_decompress_lzss          
00002b49  __TI_decompress_none          
ffffffff  __TI_pprof_out_hndl           
ffffffff  __TI_prof_data_size           
ffffffff  __TI_prof_data_start          
00000000  __TI_static_base__            
00002b2d  __TI_zero_init_nomemset       
00002a4f  __aeabi_idiv0                 
00002a4f  __aeabi_ldiv0                 
00002921  __aeabi_memclr                
00002921  __aeabi_memclr4               
00002921  __aeabi_memclr8               
00002885  __aeabi_memcpy                
00002885  __aeabi_memcpy4               
00002885  __aeabi_memcpy8               
00002923  __aeabi_memset                
00002923  __aeabi_memset4               
00002923  __aeabi_memset8               
00002a95  __aeabi_uidiv                 
00002a95  __aeabi_uidivmod              
ffffffff  __binit__                     
ffffffff  __c_args__                    
UNDEFED   __mpu_init                    
20000000  __stack                       
20000000  __start___llvm_prf_cnts       
20000000  __stop___llvm_prf_cnts        
00002ad5  _c_int00_noargs               
UNDEFED   _system_post_cinit            
00002b63  _system_pre_init              
00002b67  abort                         
00001ec1  alphabetToInteger             
ffffffff  binit                         
000017a5  busFaultIsr                   
00000919  createSemaphore               
0000067d  createThread                  
00001c09  debounce                      
000008f7  destroyThread                 
00001c63  errant                        
000019d7  flash4Hz                      
20000b38  flashReq                      
00000000  g_pfnVectors                  
00001fa5  getFieldInteger               
00001e85  getFieldString                
000005a5  getIntString                  
00002a0f  getMSPaddress                 
00002a09  getPSPaddress                 
000018e9  getSP                         
00002a3f  getSVCNumber                  
00002809  getcUart0                     
00001cb5  getsUart0                     
000017a3  hardFaultIsr                  
20000bac  heap_pointer                  
00001fdf  hexToInt                      
0000195d  idle                          
000018fd  idle2                         
00001c85  important                     
000017b1  initHw                        
0000034d  initRtos                      
00002701  initUart0                     
0000026d  init_MPU                      
00002137  ipcs                          
00002101  isCommand                     
00002825  kbhitUart0                    
20000b39  keyPressed                    
20000b3a  keyReleased                   
00002143  kill                          
00001aad  lengthyFn                     
00002451  main                          
00002885  memcpy                        
00002929  memset                        
00001671  mpuFaultIsr                   
00001a49  oneshot                       
00001d45  parseFields                   
00001a7d  partOfLengthyFn               
00000bfd  pendSvIsr                     
0000214f  pi                            
20000bb5  piON                          
000021a3  pidof                         
20000bb6  pingpong                      
00000a3b  post                          
0000216b  preempt                       
20000bb4  preemptON                     
20000bb3  priorityScheduling            
00002a23  privilegedMode                
00002133  ps                            
000027c1  putcUart0                     
000027dd  putsUart0                     
00001b65  readKeys                      
00001877  readPbs                       
000021af  reboot                        
20000b3b  resource                      
000008ed  restartThread                 
0000039b  rtosScheduler                 
000021b3  run                           
00002187  sched                         
20000bb0  semaphoreCount                
20000a70  semaphores                    
00002a31  setASPbit                     
00002a03  setPSPaddress                 
00000901  setThreadPriority             
00002795  setUart0BaudRate              
000021bf  shell                         
00000a21  sleep                         
000009ad  startRtos                     
00001f09  stringCompare                 
00000e09  svCallIsr                     
20000bb7  systickCount                  
00000a65  systickIsr                    
20000bb2  taskCount                     
20000bb1  taskCurrent                   
20000800  tcb                           
00001869  timer1Isr                     
00001c53  uncooperative                 
00002a15  unprivilegedMode              
000017a7  usageFaultIsr                 
00000a2d  wait                          
00002b09  waitMicrosecond               
00000a19  yield                         


GLOBAL SYMBOLS: SORTED BY Symbol Address 

address   name                          
-------   ----                          
00000000  __TI_static_base__            
00000000  g_pfnVectors                  
0000026d  init_MPU                      
0000034d  initRtos                      
0000039b  rtosScheduler                 
000004c5  PrintIntToHex                 
000005a5  getIntString                  
0000067d  createThread                  
00000800  __STACK_SIZE                  
000008ed  restartThread                 
000008f7  destroyThread                 
00000901  setThreadPriority             
00000919  createSemaphore               
000009ad  startRtos                     
00000a19  yield                         
00000a21  sleep                         
00000a2d  wait                          
00000a3b  post                          
00000a65  systickIsr                    
00000b41  PushRegstoPSP                 
00000bb1  PopRegsFromPSP                
00000bfd  pendSvIsr                     
00000e09  svCallIsr                     
00001671  mpuFaultIsr                   
000017a3  hardFaultIsr                  
000017a5  busFaultIsr                   
000017a7  usageFaultIsr                 
000017b1  initHw                        
00001869  timer1Isr                     
00001877  readPbs                       
000018e9  getSP                         
000018fd  idle2                         
0000195d  idle                          
000019d7  flash4Hz                      
00001a49  oneshot                       
00001a7d  partOfLengthyFn               
00001aad  lengthyFn                     
00001b65  readKeys                      
00001c09  debounce                      
00001c53  uncooperative                 
00001c63  errant                        
00001c85  important                     
00001cb5  getsUart0                     
00001d45  parseFields                   
00001e85  getFieldString                
00001ec1  alphabetToInteger             
00001f09  stringCompare                 
00001fa5  getFieldInteger               
00001fdf  hexToInt                      
00002101  isCommand                     
00002133  ps                            
00002137  ipcs                          
00002143  kill                          
0000214f  pi                            
0000216b  preempt                       
00002187  sched                         
000021a3  pidof                         
000021af  reboot                        
000021b3  run                           
000021bf  shell                         
00002451  main                          
00002701  initUart0                     
00002795  setUart0BaudRate              
000027c1  putcUart0                     
000027dd  putsUart0                     
00002809  getcUart0                     
00002825  kbhitUart0                    
00002885  __aeabi_memcpy                
00002885  __aeabi_memcpy4               
00002885  __aeabi_memcpy8               
00002885  memcpy                        
00002921  __aeabi_memclr                
00002921  __aeabi_memclr4               
00002921  __aeabi_memclr8               
00002923  __aeabi_memset                
00002923  __aeabi_memset4               
00002923  __aeabi_memset8               
00002929  memset                        
0000299b  __TI_decompress_lzss          
00002a03  setPSPaddress                 
00002a09  getPSPaddress                 
00002a0f  getMSPaddress                 
00002a15  unprivilegedMode              
00002a23  privilegedMode                
00002a31  setASPbit                     
00002a3f  getSVCNumber                  
00002a4f  __aeabi_idiv0                 
00002a4f  __aeabi_ldiv0                 
00002a51  __TI_auto_init_nobinit_nopinit
00002a95  __aeabi_uidiv                 
00002a95  __aeabi_uidivmod              
00002ad5  _c_int00_noargs               
00002b09  waitMicrosecond               
00002b2d  __TI_zero_init_nomemset       
00002b49  __TI_decompress_none          
00002b57  ResetISR                      
00002b63  _system_pre_init              
00002b67  C$$EXIT                       
00002b67  abort                         
00002b8c  __TI_Handler_Table_Base       
00002b98  __TI_Handler_Table_Limit      
00002ba0  __TI_CINIT_Base               
00002bb0  __TI_CINIT_Limit              
20000000  __stack                       
20000000  __start___llvm_prf_cnts       
20000000  __stop___llvm_prf_cnts        
20000200  __STACK_TOP                   
20000800  __STACK_END                   
20000800  tcb                           
20000a70  semaphores                    
20000b38  flashReq                      
20000b39  keyPressed                    
20000b3a  keyReleased                   
20000b3b  resource                      
20000b3c  CPU_TIME                      
20000bac  heap_pointer                  
20000bb0  semaphoreCount                
20000bb1  taskCurrent                   
20000bb2  taskCount                     
20000bb3  priorityScheduling            
20000bb4  preemptON                     
20000bb5  piON                          
20000bb6  pingpong                      
20000bb7  systickCount                  
ffffffff  __TI_pprof_out_hndl           
ffffffff  __TI_prof_data_size           
ffffffff  __TI_prof_data_start          
ffffffff  __binit__                     
ffffffff  __c_args__                    
ffffffff  binit                         
UNDEFED   __mpu_init                    
UNDEFED   _system_post_cinit            

[132 symbols]
