******************************************************************************
                  TI ARM Linker PC v20.2.1                     
******************************************************************************
>> Linked Wed Dec  2 01:29:02 2020

OUTPUT FILE NAME:   <RTOS.out>
ENTRY POINT SYMBOL: "_c_int00_noargs"  address: 00002f85


MEMORY CONFIGURATION

         name            origin    length      used     unused   attr    fill
----------------------  --------  ---------  --------  --------  ----  --------
  FLASH                 00000000   00040000  0000305a  0003cfa6  R  X
  SRAM                  20000000   00008000  00000bb5  0000744b  RW X


SEGMENT ALLOCATION MAP

run origin  load origin   length   init length attrs members
----------  ----------- ---------- ----------- ----- -------
00000000    00000000    00003060   00003060    r-x
  00000000    00000000    0000026c   0000026c    r-- .intvecs
  0000026c    0000026c    00002dac   00002dac    r-x .text
  00003018    00003018    0000000a   0000000a    r-- .const
  00003028    00003028    00000038   00000038    r-- .cinit
20000000    20000000    00000bb5   00000000    rw-
  20000000    20000000    00000800   00000000    rw- .stack
  20000800    20000800    00000338   00000000    rw- .bss
  20000b38    20000b38    0000007d   00000000    rw- .data


SECTION ALLOCATION MAP

 output                                  attributes/
section   page    origin      length       input sections
--------  ----  ----------  ----------   ----------------
.intvecs   0    00000000    0000026c     
                  00000000    0000026c     tm4c123gh6pm_startup_ccs.obj (.intvecs)

.text      0    0000026c    00002dac     
                  0000026c    00002944     rtos.obj (.text)
                  00002bb0    00000184     uart0.obj (.text)
                  00002d34    0000009c     rtsv7M4_T_le_v4SPD16_eabi.lib : memcpy_t2.asm.obj (.text)
                  00002dd0    0000007a                                   : memset_t2.asm.obj (.text)
                  00002e4a    00000068                                   : copy_decompress_lzss.c.obj (.text:decompress:lzss:__TI_decompress_lzss)
                  00002eb2    0000004c     rtos_s.obj (.text)
                  00002efe    00000002     rtsv7M4_T_le_v4SPD16_eabi.lib : div0.asm.obj (.text)
                  00002f00    00000044                                   : autoinit.c.obj (.text:__TI_auto_init_nobinit_nopinit:__TI_auto_init_nobinit_nopinit)
                  00002f44    00000040                                   : u_divt2.asm.obj (.text)
                  00002f84    00000034                                   : boot_cortex_m.c.obj (.text:_c_int00_noargs:_c_int00_noargs)
                  00002fb8    00000024     wait.obj (.text)
                  00002fdc    0000001c     rtsv7M4_T_le_v4SPD16_eabi.lib : copy_zero_init.c.obj (.text:decompress:ZI:__TI_zero_init_nomemset:__TI_zero_init_nomemset)
                  00002ff8    0000000e                                   : copy_decompress_none.c.obj (.text:decompress:none:__TI_decompress_none)
                  00003006    0000000a     tm4c123gh6pm_startup_ccs.obj (.text)
                  00003010    00000004     rtsv7M4_T_le_v4SPD16_eabi.lib : pre_init.c.obj (.text:_system_pre_init)
                  00003014    00000004                                   : exit.c.obj (.text:abort:abort)

.const     0    00003018    0000000a     
                  00003018    00000007     rtos.obj (.const:.string:$P$T0$2)
                  0000301f    00000003     rtos.obj (.const:.string:$P$T1$3)

.cinit     0    00003028    00000038     
                  00003028    00000014     (.cinit..data.load) [load image, compression = lzss]
                  0000303c    0000000c     (__TI_handler_table)
                  00003048    00000008     (.cinit..bss.load) [load image, compression = zero_init]
                  00003050    00000010     (__TI_cinit_table)

.init_array 
*          0    00000000    00000000     UNINITIALIZED

.bss       0    20000800    00000338     UNINITIALIZED
                  20000800    00000270     (.common:tcb)
                  20000a70    000000c8     (.common:semaphores)

.data      0    20000b38    0000007d     UNINITIALIZED
                  20000b38    00000070     rtos.obj (.data:CPU_TIME)
                  20000ba8    0000000d     rtos.obj (.data)

.stack     0    20000000    00000800     UNINITIALIZED
                  20000000    00000004     rtsv7M4_T_le_v4SPD16_eabi.lib : boot_cortex_m.c.obj (.stack)
                  20000004    000007fc     --HOLE--

__llvm_prf_cnts 
*          0    20000000    00000000     UNINITIALIZED

MODULE SUMMARY

       Module                         code    ro data   rw data
       ------                         ----    -------   -------
    .\
       rtos.obj                       10564   10        949    
       tm4c123gh6pm_startup_ccs.obj   10      620       0      
       uart0.obj                      388     0         0      
       rtos_s.obj                     76      0         0      
       wait.obj                       36      0         0      
    +--+------------------------------+-------+---------+---------+
       Total:                         11074   630       949    
                                                               
    C:\ti\ccs1011\ccs\tools\compiler\ti-cgt-arm_20.2.1.LTS\lib\rtsv7M4_T_le_v4SPD16_eabi.lib
       memcpy_t2.asm.obj              156     0         0      
       memset_t2.asm.obj              122     0         0      
       copy_decompress_lzss.c.obj     104     0         0      
       autoinit.c.obj                 68      0         0      
       u_divt2.asm.obj                64      0         0      
       boot_cortex_m.c.obj            52      0         0      
       copy_zero_init.c.obj           28      0         0      
       copy_decompress_none.c.obj     14      0         0      
       exit.c.obj                     4       0         0      
       pre_init.c.obj                 4       0         0      
       div0.asm.obj                   2       0         0      
    +--+------------------------------+-------+---------+---------+
       Total:                         618     0         0      
                                                               
       Stack:                         0       0         2048   
       Linker Generated:              0       56        0      
    +--+------------------------------+-------+---------+---------+
       Grand Total:                   11692   686       2997   


LINKER GENERATED COPY TABLES

__TI_cinit_table @ 00003050 records: 2, size/record: 8, table size: 16
	.data: load addr=00003028, load size=00000014 bytes, run addr=20000b38, run size=0000007d bytes, compression=lzss
	.bss: load addr=00003048, load size=00000008 bytes, run addr=20000800, run size=00000338 bytes, compression=zero_init


LINKER GENERATED HANDLER TABLE

__TI_handler_table @ 0000303c records: 3, size/record: 4, table size: 12
	index: 0, handler: __TI_decompress_lzss
	index: 1, handler: __TI_decompress_none
	index: 2, handler: __TI_zero_init


GLOBAL SYMBOLS: SORTED ALPHABETICALLY BY Name 

address   name                          
-------   ----                          
00003015  C$$EXIT                       
20000b38  CPU_TIME                      
00001019  PopRegsFromPSP                
000009c9  PrintIntToHex                 
00000fe5  PushRegstoPSP                 
00003007  ResetISR                      
20000800  __STACK_END                   
00000800  __STACK_SIZE                  
20000200  __STACK_TOP                   
00003050  __TI_CINIT_Base               
00003060  __TI_CINIT_Limit              
0000303c  __TI_Handler_Table_Base       
00003048  __TI_Handler_Table_Limit      
00002f01  __TI_auto_init_nobinit_nopinit
00002e4b  __TI_decompress_lzss          
00002ff9  __TI_decompress_none          
ffffffff  __TI_pprof_out_hndl           
ffffffff  __TI_prof_data_size           
ffffffff  __TI_prof_data_start          
00000000  __TI_static_base__            
00002fdd  __TI_zero_init_nomemset       
00002eff  __aeabi_idiv0                 
00002eff  __aeabi_ldiv0                 
00002dd1  __aeabi_memclr                
00002dd1  __aeabi_memclr4               
00002dd1  __aeabi_memclr8               
00002d35  __aeabi_memcpy                
00002d35  __aeabi_memcpy4               
00002d35  __aeabi_memcpy8               
00002dd3  __aeabi_memset                
00002dd3  __aeabi_memset4               
00002dd3  __aeabi_memset8               
00002f45  __aeabi_uidiv                 
00002f45  __aeabi_uidivmod              
ffffffff  __binit__                     
ffffffff  __c_args__                    
UNDEFED   __mpu_init                    
20000000  __stack                       
20000000  __start___llvm_prf_cnts       
20000000  __stop___llvm_prf_cnts        
00002f85  _c_int00_noargs               
UNDEFED   _system_post_cinit            
00003011  _system_pre_init              
00003015  abort                         
00000459  alphabetToInteger             
ffffffff  binit                         
00002075  busFaultIsr                   
00000d71  createSemaphore               
00000b71  createThread                  
000024a1  debounce                      
00000d4f  destroyThread                 
00002505  errant                        
00002247  flash4Hz                      
00000000  g_pfnVectors                  
00000537  getFieldInteger               
00000427  getFieldString                
00000aa5  getIntString                  
00002ebf  getMSPaddress                 
00002eb9  getPSPaddress                 
00002eef  getSVCNumber                  
00002cb9  getcUart0                     
0000026d  getsUart0                     
00002019  hardFaultIsr                  
20000ba8  heap_pointer                  
00000571  hexToInt                      
0000221b  idle                          
00002531  important                     
000020c9  initHw                        
00000819  initRtos                      
00002bb1  initUart0                     
0000072f  init_MPU                      
000006d1  ipcs                          
00000693  isCommand                     
00002cd5  kbhitUart0                    
000006dd  kill                          
00002319  lengthyFn                     
00002919  main                          
00002d35  memcpy                        
00002dd9  memset                        
00001ebd  mpuFaultIsr                   
000022b9  oneshot                       
000002eb  parseFields                   
000022e1  partOfLengthyFn               
00001049  pendSvIsr                     
000006e9  pi                            
20000bb1  piON                          
00000713  pidof                         
20000bb2  pingpong                      
00000ee3  post                          
000006f7  preempt                       
20000bb0  preemptON                     
20000baf  priorityScheduling            
00002ed3  privilegedMode                
000006c5  ps                            
00002c71  putcUart0                     
00002c8d  putsUart0                     
000023d1  readKeys                      
00002191  readPbs                       
0000071f  reboot                        
00000d43  restartThread                 
00000867  rtosScheduler                 
00000723  run                           
00000705  sched                         
20000bac  semaphoreCount                
20000a70  semaphores                    
00002ee1  setASPbit                     
00002eb3  setPSPaddress                 
00000d5b  setThreadPriority             
00002c45  setUart0BaudRate              
00002571  shell                         
00000ec9  sleep                         
00000e09  startRtos                     
0000049b  stringCompare                 
0000123d  svCallIsr                     
20000bb3  systickCount                  
00000f01  systickIsr                    
20000bae  taskCount                     
20000bad  taskCurrent                   
20000800  tcb                           
00002181  timer1Isr                     
000024e9  uncooperative                 
00002ec5  unprivilegedMode              
00002095  usageFaultIsr                 
00000ed5  wait                          
00002fb9  waitMicrosecond               
00000ec5  yield                         


GLOBAL SYMBOLS: SORTED BY Symbol Address 

address   name                          
-------   ----                          
00000000  __TI_static_base__            
00000000  g_pfnVectors                  
0000026d  getsUart0                     
000002eb  parseFields                   
00000427  getFieldString                
00000459  alphabetToInteger             
0000049b  stringCompare                 
00000537  getFieldInteger               
00000571  hexToInt                      
00000693  isCommand                     
000006c5  ps                            
000006d1  ipcs                          
000006dd  kill                          
000006e9  pi                            
000006f7  preempt                       
00000705  sched                         
00000713  pidof                         
0000071f  reboot                        
00000723  run                           
0000072f  init_MPU                      
00000800  __STACK_SIZE                  
00000819  initRtos                      
00000867  rtosScheduler                 
000009c9  PrintIntToHex                 
00000aa5  getIntString                  
00000b71  createThread                  
00000d43  restartThread                 
00000d4f  destroyThread                 
00000d5b  setThreadPriority             
00000d71  createSemaphore               
00000e09  startRtos                     
00000ec5  yield                         
00000ec9  sleep                         
00000ed5  wait                          
00000ee3  post                          
00000f01  systickIsr                    
00000fe5  PushRegstoPSP                 
00001019  PopRegsFromPSP                
00001049  pendSvIsr                     
0000123d  svCallIsr                     
00001ebd  mpuFaultIsr                   
00002019  hardFaultIsr                  
00002075  busFaultIsr                   
00002095  usageFaultIsr                 
000020c9  initHw                        
00002181  timer1Isr                     
00002191  readPbs                       
0000221b  idle                          
00002247  flash4Hz                      
000022b9  oneshot                       
000022e1  partOfLengthyFn               
00002319  lengthyFn                     
000023d1  readKeys                      
000024a1  debounce                      
000024e9  uncooperative                 
00002505  errant                        
00002531  important                     
00002571  shell                         
00002919  main                          
00002bb1  initUart0                     
00002c45  setUart0BaudRate              
00002c71  putcUart0                     
00002c8d  putsUart0                     
00002cb9  getcUart0                     
00002cd5  kbhitUart0                    
00002d35  __aeabi_memcpy                
00002d35  __aeabi_memcpy4               
00002d35  __aeabi_memcpy8               
00002d35  memcpy                        
00002dd1  __aeabi_memclr                
00002dd1  __aeabi_memclr4               
00002dd1  __aeabi_memclr8               
00002dd3  __aeabi_memset                
00002dd3  __aeabi_memset4               
00002dd3  __aeabi_memset8               
00002dd9  memset                        
00002e4b  __TI_decompress_lzss          
00002eb3  setPSPaddress                 
00002eb9  getPSPaddress                 
00002ebf  getMSPaddress                 
00002ec5  unprivilegedMode              
00002ed3  privilegedMode                
00002ee1  setASPbit                     
00002eef  getSVCNumber                  
00002eff  __aeabi_idiv0                 
00002eff  __aeabi_ldiv0                 
00002f01  __TI_auto_init_nobinit_nopinit
00002f45  __aeabi_uidiv                 
00002f45  __aeabi_uidivmod              
00002f85  _c_int00_noargs               
00002fb9  waitMicrosecond               
00002fdd  __TI_zero_init_nomemset       
00002ff9  __TI_decompress_none          
00003007  ResetISR                      
00003011  _system_pre_init              
00003015  C$$EXIT                       
00003015  abort                         
0000303c  __TI_Handler_Table_Base       
00003048  __TI_Handler_Table_Limit      
00003050  __TI_CINIT_Base               
00003060  __TI_CINIT_Limit              
20000000  __stack                       
20000000  __start___llvm_prf_cnts       
20000000  __stop___llvm_prf_cnts        
20000200  __STACK_TOP                   
20000800  __STACK_END                   
20000800  tcb                           
20000a70  semaphores                    
20000b38  CPU_TIME                      
20000ba8  heap_pointer                  
20000bac  semaphoreCount                
20000bad  taskCurrent                   
20000bae  taskCount                     
20000baf  priorityScheduling            
20000bb0  preemptON                     
20000bb1  piON                          
20000bb2  pingpong                      
20000bb3  systickCount                  
ffffffff  __TI_pprof_out_hndl           
ffffffff  __TI_prof_data_size           
ffffffff  __TI_prof_data_start          
ffffffff  __binit__                     
ffffffff  __c_args__                    
ffffffff  binit                         
UNDEFED   __mpu_init                    
UNDEFED   _system_post_cinit            

[126 symbols]
