******************************************************************************
                  TI ARM Linker PC v20.2.1                     
******************************************************************************
>> Linked Fri Nov 27 20:41:09 2020

OUTPUT FILE NAME:   <RTOS.out>
ENTRY POINT SYMBOL: "_c_int00_noargs"  address: 00002311


MEMORY CONFIGURATION

         name            origin    length      used     unused   attr    fill
----------------------  --------  ---------  --------  --------  ----  --------
  FLASH                 00000000   00040000  000023e8  0003dc18  R  X
  SRAM                  20000000   00008000  00000b3e  000074c2  RW X


SEGMENT ALLOCATION MAP

run origin  load origin   length   init length attrs members
----------  ----------- ---------- ----------- ----- -------
00000000    00000000    000023e8   000023e8    r-x
  00000000    00000000    0000026c   0000026c    r-- .intvecs
  0000026c    0000026c    0000213a   0000213a    r-x .text
  000023a6    000023a6    0000000a   0000000a    r-- .const
  000023b0    000023b0    00000038   00000038    r-- .cinit
20000000    20000000    00000b3e   00000000    rw-
  20000000    20000000    00000800   00000000    rw- .stack
  20000800    20000800    000002bc   00000000    rw- .bss
  20000abc    20000abc    00000082   00000000    rw- .data


SECTION ALLOCATION MAP

 output                                  attributes/
section   page    origin      length       input sections
--------  ----  ----------  ----------   ----------------
.intvecs   0    00000000    0000026c     
                  00000000    0000026c     tm4c123gh6pm_startup_ccs.obj (.intvecs)

.text      0    0000026c    0000213a     
                  0000026c    00001cd0     rtos.obj (.text)
                  00001f3c    00000184     uart0.obj (.text)
                  000020c0    0000009c     rtsv7M4_T_le_v4SPD16_eabi.lib : memcpy_t2.asm.obj (.text)
                  0000215c    0000007a                                   : memset_t2.asm.obj (.text)
                  000021d6    00000068                                   : copy_decompress_lzss.c.obj (.text:decompress:lzss:__TI_decompress_lzss)
                  0000223e    0000004c     rtos_s.obj (.text)
                  0000228a    00000002     rtsv7M4_T_le_v4SPD16_eabi.lib : div0.asm.obj (.text)
                  0000228c    00000044                                   : autoinit.c.obj (.text:__TI_auto_init_nobinit_nopinit:__TI_auto_init_nobinit_nopinit)
                  000022d0    00000040                                   : u_divt2.asm.obj (.text)
                  00002310    00000034                                   : boot_cortex_m.c.obj (.text:_c_int00_noargs:_c_int00_noargs)
                  00002344    00000024     wait.obj (.text)
                  00002368    0000001c     rtsv7M4_T_le_v4SPD16_eabi.lib : copy_zero_init.c.obj (.text:decompress:ZI:__TI_zero_init_nomemset:__TI_zero_init_nomemset)
                  00002384    0000000e                                   : copy_decompress_none.c.obj (.text:decompress:none:__TI_decompress_none)
                  00002392    0000000c     tm4c123gh6pm_startup_ccs.obj (.text)
                  0000239e    00000004     rtsv7M4_T_le_v4SPD16_eabi.lib : pre_init.c.obj (.text:_system_pre_init)
                  000023a2    00000004                                   : exit.c.obj (.text:abort:abort)

.const     0    000023a6    0000000a     
                  000023a6    00000007     rtos.obj (.const:.string:$P$T0$2)
                  000023ad    00000003     rtos.obj (.const:.string:$P$T1$3)

.cinit     0    000023b0    00000038     
                  000023b0    00000014     (.cinit..data.load) [load image, compression = lzss]
                  000023c4    0000000c     (__TI_handler_table)
                  000023d0    00000008     (.cinit..bss.load) [load image, compression = zero_init]
                  000023d8    00000010     (__TI_cinit_table)

.init_array 
*          0    00000000    00000000     UNINITIALIZED

.bss       0    20000800    000002bc     UNINITIALIZED
                  20000800    00000240     (.common:tcb)
                  20000a40    00000078     (.common:semaphores)
                  20000ab8    00000001     (.common:flashReq)
                  20000ab9    00000001     (.common:keyPressed)
                  20000aba    00000001     (.common:keyReleased)
                  20000abb    00000001     (.common:resource)

.data      0    20000abc    00000082     UNINITIALIZED
                  20000abc    00000070     rtos.obj (.data:CPU_TIME)
                  20000b2c    00000012     rtos.obj (.data)

.stack     0    20000000    00000800     UNINITIALIZED
                  20000000    00000004     rtsv7M4_T_le_v4SPD16_eabi.lib : boot_cortex_m.c.obj (.stack)
                  20000004    000007fc     --HOLE--

__llvm_prf_cnts 
*          0    20000000    00000000     UNINITIALIZED

MODULE SUMMARY

       Module                         code   ro data   rw data
       ------                         ----   -------   -------
    .\
       rtos.obj                       7376   10        830    
       tm4c123gh6pm_startup_ccs.obj   12     620       0      
       uart0.obj                      388    0         0      
       rtos_s.obj                     76     0         0      
       wait.obj                       36     0         0      
    +--+------------------------------+------+---------+---------+
       Total:                         7888   630       830    
                                                              
    C:\ti\ccs1011\ccs\tools\compiler\ti-cgt-arm_20.2.1.LTS\lib\rtsv7M4_T_le_v4SPD16_eabi.lib
       memcpy_t2.asm.obj              156    0         0      
       memset_t2.asm.obj              122    0         0      
       copy_decompress_lzss.c.obj     104    0         0      
       autoinit.c.obj                 68     0         0      
       u_divt2.asm.obj                64     0         0      
       boot_cortex_m.c.obj            52     0         0      
       copy_zero_init.c.obj           28     0         0      
       copy_decompress_none.c.obj     14     0         0      
       exit.c.obj                     4      0         0      
       pre_init.c.obj                 4      0         0      
       div0.asm.obj                   2      0         0      
    +--+------------------------------+------+---------+---------+
       Total:                         618    0         0      
                                                              
       Stack:                         0      0         2048   
       Linker Generated:              0      56        0      
    +--+------------------------------+------+---------+---------+
       Grand Total:                   8506   686       2878   


LINKER GENERATED COPY TABLES

__TI_cinit_table @ 000023d8 records: 2, size/record: 8, table size: 16
	.data: load addr=000023b0, load size=00000014 bytes, run addr=20000abc, run size=00000082 bytes, compression=lzss
	.bss: load addr=000023d0, load size=00000008 bytes, run addr=20000800, run size=000002bc bytes, compression=zero_init


LINKER GENERATED HANDLER TABLE

__TI_handler_table @ 000023c4 records: 3, size/record: 4, table size: 12
	index: 0, handler: __TI_decompress_lzss
	index: 1, handler: __TI_decompress_none
	index: 2, handler: __TI_zero_init


GLOBAL SYMBOLS: SORTED ALPHABETICALLY BY Name 

address   name                          
-------   ----                          
000023a3  C$$EXIT                       
20000abc  CPU_TIME                      
00000969  PopRegsFromPSP                
0000039b  PrintIntToHex                 
00000935  PushRegstoPSP                 
00002393  ResetISR                      
20000b38  TOTALTIME                     
20000800  __STACK_END                   
00000800  __STACK_SIZE                  
20000200  __STACK_TOP                   
000023d8  __TI_CINIT_Base               
000023e8  __TI_CINIT_Limit              
000023c4  __TI_Handler_Table_Base       
000023d0  __TI_Handler_Table_Limit      
0000228d  __TI_auto_init_nobinit_nopinit
000021d7  __TI_decompress_lzss          
00002385  __TI_decompress_none          
ffffffff  __TI_pprof_out_hndl           
ffffffff  __TI_prof_data_size           
ffffffff  __TI_prof_data_start          
00000000  __TI_static_base__            
00002369  __TI_zero_init_nomemset       
0000228b  __aeabi_idiv0                 
0000228b  __aeabi_ldiv0                 
0000215d  __aeabi_memclr                
0000215d  __aeabi_memclr4               
0000215d  __aeabi_memclr8               
000020c1  __aeabi_memcpy                
000020c1  __aeabi_memcpy4               
000020c1  __aeabi_memcpy8               
0000215f  __aeabi_memset                
0000215f  __aeabi_memset4               
0000215f  __aeabi_memset8               
000022d1  __aeabi_uidiv                 
000022d1  __aeabi_uidivmod              
ffffffff  __binit__                     
ffffffff  __c_args__                    
UNDEFED   __mpu_init                    
20000000  __stack                       
20000000  __start___llvm_prf_cnts       
20000000  __stop___llvm_prf_cnts        
00002311  _c_int00_noargs               
UNDEFED   _system_post_cinit            
0000239f  _system_pre_init              
000023a3  abort                         
00001725  alphabetToInteger             
ffffffff  binit                         
00001019  busFaultIsr                   
0000077f  createSemaphore               
0000052d  createThread                  
00001461  debounce                      
00000767  destroyThread                 
000014c1  errant                        
00001297  flash4Hz                      
20000ab8  flashReq                      
00000000  g_pfnVectors                  
00001809  getFieldInteger               
000016e9  getFieldString                
00000457  getIntString                  
0000224b  getMSPaddress                 
00002245  getPSPaddress                 
000011a5  getSP                         
0000227b  getSVCNumber                  
00002045  getcUart0                     
00001515  getsUart0                     
00001017  hardFaultIsr                  
20000b2c  heap_pointer                  
00001843  hexToInt                      
00001241  idle                          
000011e1  idle2                         
000014e5  important                     
0000102d  initHw                        
0000026d  initRtos                      
00001f3d  initUart0                     
0000199b  ipcs                          
00001965  isCommand                     
00002061  kbhitUart0                    
20000ab9  keyPressed                    
20000aba  keyReleased                   
000019a5  kill                          
0000130d  lengthyFn                     
00001cc5  main                          
000020c1  memcpy                        
00002165  memset                        
00001015  mpuFaultIsr                   
000012b1  oneshot                       
000015a9  parseFields                   
000012d3  partOfLengthyFn               
000009f1  pendSvIsr                     
000019b1  pi                            
00001a05  pidof                         
20000b34  pingpong                      
0000083b  post                          
000019cd  preempt                       
20000b33  priorityScheduling            
0000225f  privilegedMode                
00001997  ps                            
00001ffd  putcUart0                     
00002019  putsUart0                     
000013b1  readKeys                      
00001111  readPbs                       
00001a17  reboot                        
20000abb  resource                      
0000075d  restartThread                 
000002bb  rtosScheduler                 
00001a1b  run                           
000019e9  sched                         
20000b30  semaphoreCount                
20000a40  semaphores                    
0000226d  setASPbit                     
0000223f  setPSPaddress                 
00000771  setThreadPriority             
00001fd1  setUart0BaudRate              
00001a27  shell                         
00000821  sleep                         
000007c3  startRtos                     
0000176d  stringCompare                 
00000b6d  svCallIsr                     
20000b3c  systickCount                  
00000851  systickIsr                    
20000b32  taskCount                     
20000b31  taskCurrent                   
20000800  tcb                           
00001101  timer1Isr                     
000014b1  uncooperative                 
00002251  unprivilegedMode              
0000101b  usageFaultIsr                 
0000082d  wait                          
00002345  waitMicrosecond               
0000081d  yield                         


GLOBAL SYMBOLS: SORTED BY Symbol Address 

address   name                          
-------   ----                          
00000000  __TI_static_base__            
00000000  g_pfnVectors                  
0000026d  initRtos                      
000002bb  rtosScheduler                 
0000039b  PrintIntToHex                 
00000457  getIntString                  
0000052d  createThread                  
0000075d  restartThread                 
00000767  destroyThread                 
00000771  setThreadPriority             
0000077f  createSemaphore               
000007c3  startRtos                     
00000800  __STACK_SIZE                  
0000081d  yield                         
00000821  sleep                         
0000082d  wait                          
0000083b  post                          
00000851  systickIsr                    
00000935  PushRegstoPSP                 
00000969  PopRegsFromPSP                
000009f1  pendSvIsr                     
00000b6d  svCallIsr                     
00001015  mpuFaultIsr                   
00001017  hardFaultIsr                  
00001019  busFaultIsr                   
0000101b  usageFaultIsr                 
0000102d  initHw                        
00001101  timer1Isr                     
00001111  readPbs                       
000011a5  getSP                         
000011e1  idle2                         
00001241  idle                          
00001297  flash4Hz                      
000012b1  oneshot                       
000012d3  partOfLengthyFn               
0000130d  lengthyFn                     
000013b1  readKeys                      
00001461  debounce                      
000014b1  uncooperative                 
000014c1  errant                        
000014e5  important                     
00001515  getsUart0                     
000015a9  parseFields                   
000016e9  getFieldString                
00001725  alphabetToInteger             
0000176d  stringCompare                 
00001809  getFieldInteger               
00001843  hexToInt                      
00001965  isCommand                     
00001997  ps                            
0000199b  ipcs                          
000019a5  kill                          
000019b1  pi                            
000019cd  preempt                       
000019e9  sched                         
00001a05  pidof                         
00001a17  reboot                        
00001a1b  run                           
00001a27  shell                         
00001cc5  main                          
00001f3d  initUart0                     
00001fd1  setUart0BaudRate              
00001ffd  putcUart0                     
00002019  putsUart0                     
00002045  getcUart0                     
00002061  kbhitUart0                    
000020c1  __aeabi_memcpy                
000020c1  __aeabi_memcpy4               
000020c1  __aeabi_memcpy8               
000020c1  memcpy                        
0000215d  __aeabi_memclr                
0000215d  __aeabi_memclr4               
0000215d  __aeabi_memclr8               
0000215f  __aeabi_memset                
0000215f  __aeabi_memset4               
0000215f  __aeabi_memset8               
00002165  memset                        
000021d7  __TI_decompress_lzss          
0000223f  setPSPaddress                 
00002245  getPSPaddress                 
0000224b  getMSPaddress                 
00002251  unprivilegedMode              
0000225f  privilegedMode                
0000226d  setASPbit                     
0000227b  getSVCNumber                  
0000228b  __aeabi_idiv0                 
0000228b  __aeabi_ldiv0                 
0000228d  __TI_auto_init_nobinit_nopinit
000022d1  __aeabi_uidiv                 
000022d1  __aeabi_uidivmod              
00002311  _c_int00_noargs               
00002345  waitMicrosecond               
00002369  __TI_zero_init_nomemset       
00002385  __TI_decompress_none          
00002393  ResetISR                      
0000239f  _system_pre_init              
000023a3  C$$EXIT                       
000023a3  abort                         
000023c4  __TI_Handler_Table_Base       
000023d0  __TI_Handler_Table_Limit      
000023d8  __TI_CINIT_Base               
000023e8  __TI_CINIT_Limit              
20000000  __stack                       
20000000  __start___llvm_prf_cnts       
20000000  __stop___llvm_prf_cnts        
20000200  __STACK_TOP                   
20000800  __STACK_END                   
20000800  tcb                           
20000a40  semaphores                    
20000ab8  flashReq                      
20000ab9  keyPressed                    
20000aba  keyReleased                   
20000abb  resource                      
20000abc  CPU_TIME                      
20000b2c  heap_pointer                  
20000b30  semaphoreCount                
20000b31  taskCurrent                   
20000b32  taskCount                     
20000b33  priorityScheduling            
20000b34  pingpong                      
20000b38  TOTALTIME                     
20000b3c  systickCount                  
ffffffff  __TI_pprof_out_hndl           
ffffffff  __TI_prof_data_size           
ffffffff  __TI_prof_data_start          
ffffffff  __binit__                     
ffffffff  __c_args__                    
ffffffff  binit                         
UNDEFED   __mpu_init                    
UNDEFED   _system_post_cinit            

[130 symbols]
