******************************************************************************
                  TI ARM Linker PC v20.2.1                     
******************************************************************************
>> Linked Thu Nov 26 22:18:14 2020

OUTPUT FILE NAME:   <RTOS.out>
ENTRY POINT SYMBOL: "_c_int00_noargs"  address: 00002159


MEMORY CONFIGURATION

         name            origin    length      used     unused   attr    fill
----------------------  --------  ---------  --------  --------  ----  --------
  FLASH                 00000000   00040000  0000222d  0003ddd3  R  X
  SRAM                  20000000   00008000  00000b0e  000074f2  RW X


SEGMENT ALLOCATION MAP

run origin  load origin   length   init length attrs members
----------  ----------- ---------- ----------- ----- -------
00000000    00000000    00002230   00002230    r-x
  00000000    00000000    0000026c   0000026c    r-- .intvecs
  0000026c    0000026c    00001f82   00001f82    r-x .text
  000021ee    000021ee    00000007   00000007    r-- .const
  000021f8    000021f8    00000038   00000038    r-- .cinit
20000000    20000000    00000b0e   00000000    rw-
  20000000    20000000    00000800   00000000    rw- .stack
  20000800    20000800    0000028c   00000000    rw- .bss
  20000a8c    20000a8c    00000082   00000000    rw- .data


SECTION ALLOCATION MAP

 output                                  attributes/
section   page    origin      length       input sections
--------  ----  ----------  ----------   ----------------
.intvecs   0    00000000    0000026c     
                  00000000    0000026c     tm4c123gh6pm_startup_ccs.obj (.intvecs)

.text      0    0000026c    00001f82     
                  0000026c    00001b18     rtos.obj (.text)
                  00001d84    00000184     uart0.obj (.text)
                  00001f08    0000009c     rtsv7M4_T_le_v4SPD16_eabi.lib : memcpy_t2.asm.obj (.text)
                  00001fa4    0000007a                                   : memset_t2.asm.obj (.text)
                  0000201e    00000068                                   : copy_decompress_lzss.c.obj (.text:decompress:lzss:__TI_decompress_lzss)
                  00002086    0000004c     rtos_s.obj (.text)
                  000020d2    00000002     rtsv7M4_T_le_v4SPD16_eabi.lib : div0.asm.obj (.text)
                  000020d4    00000044                                   : autoinit.c.obj (.text:__TI_auto_init_nobinit_nopinit:__TI_auto_init_nobinit_nopinit)
                  00002118    00000040                                   : u_divt2.asm.obj (.text)
                  00002158    00000034                                   : boot_cortex_m.c.obj (.text:_c_int00_noargs:_c_int00_noargs)
                  0000218c    00000024     wait.obj (.text)
                  000021b0    0000001c     rtsv7M4_T_le_v4SPD16_eabi.lib : copy_zero_init.c.obj (.text:decompress:ZI:__TI_zero_init_nomemset:__TI_zero_init_nomemset)
                  000021cc    0000000e                                   : copy_decompress_none.c.obj (.text:decompress:none:__TI_decompress_none)
                  000021da    0000000c     tm4c123gh6pm_startup_ccs.obj (.text)
                  000021e6    00000004     rtsv7M4_T_le_v4SPD16_eabi.lib : pre_init.c.obj (.text:_system_pre_init)
                  000021ea    00000004                                   : exit.c.obj (.text:abort:abort)

.const     0    000021ee    00000007     
                  000021ee    00000007     rtos.obj (.const:.string:$P$T0$2)

.cinit     0    000021f8    00000038     
                  000021f8    00000014     (.cinit..data.load) [load image, compression = lzss]
                  0000220c    0000000c     (__TI_handler_table)
                  00002218    00000008     (.cinit..bss.load) [load image, compression = zero_init]
                  00002220    00000010     (__TI_cinit_table)

.init_array 
*          0    00000000    00000000     UNINITIALIZED

.bss       0    20000800    0000028c     UNINITIALIZED
                  20000800    00000210     (.common:tcb)
                  20000a10    00000078     (.common:semaphores)
                  20000a88    00000001     (.common:flashReq)
                  20000a89    00000001     (.common:keyPressed)
                  20000a8a    00000001     (.common:keyReleased)
                  20000a8b    00000001     (.common:resource)

.data      0    20000a8c    00000082     UNINITIALIZED
                  20000a8c    00000070     rtos.obj (.data:CPU_TIME)
                  20000afc    00000012     rtos.obj (.data)

.stack     0    20000000    00000800     UNINITIALIZED
                  20000000    00000004     rtsv7M4_T_le_v4SPD16_eabi.lib : boot_cortex_m.c.obj (.stack)
                  20000004    000007fc     --HOLE--

__llvm_prf_cnts 
*          0    20000000    00000000     UNINITIALIZED

MODULE SUMMARY

       Module                         code   ro data   rw data
       ------                         ----   -------   -------
    .\
       rtos.obj                       6936   7         782    
       tm4c123gh6pm_startup_ccs.obj   12     620       0      
       uart0.obj                      388    0         0      
       rtos_s.obj                     76     0         0      
       wait.obj                       36     0         0      
    +--+------------------------------+------+---------+---------+
       Total:                         7448   627       782    
                                                              
    C:\ti\ccs1011\ccs\tools\compiler\ti-cgt-arm_20.2.1.LTS\lib\rtsv7M4_T_le_v4SPD16_eabi.lib
       memcpy_t2.asm.obj              156    0         0      
       memset_t2.asm.obj              122    0         0      
       copy_decompress_lzss.c.obj     104    0         0      
       autoinit.c.obj                 68     0         0      
       u_divt2.asm.obj                64     0         0      
       boot_cortex_m.c.obj            52     0         0      
       copy_zero_init.c.obj           28     0         0      
       copy_decompress_none.c.obj     14     0         0      
       exit.c.obj                     4      0         0      
       pre_init.c.obj                 4      0         0      
       div0.asm.obj                   2      0         0      
    +--+------------------------------+------+---------+---------+
       Total:                         618    0         0      
                                                              
       Stack:                         0      0         2048   
       Linker Generated:              0      56        0      
    +--+------------------------------+------+---------+---------+
       Grand Total:                   8066   683       2830   


LINKER GENERATED COPY TABLES

__TI_cinit_table @ 00002220 records: 2, size/record: 8, table size: 16
	.data: load addr=000021f8, load size=00000014 bytes, run addr=20000a8c, run size=00000082 bytes, compression=lzss
	.bss: load addr=00002218, load size=00000008 bytes, run addr=20000800, run size=0000028c bytes, compression=zero_init


LINKER GENERATED HANDLER TABLE

__TI_handler_table @ 0000220c records: 3, size/record: 4, table size: 12
	index: 0, handler: __TI_decompress_lzss
	index: 1, handler: __TI_decompress_none
	index: 2, handler: __TI_zero_init


GLOBAL SYMBOLS: SORTED ALPHABETICALLY BY Name 

address   name                          
-------   ----                          
000021eb  C$$EXIT                       
20000a8c  CPU_TIME                      
000008c1  PopRegsFromPSP                
0000039b  PrintIntToHex                 
0000088d  PushRegstoPSP                 
000021db  ResetISR                      
20000b08  TOTALTIME                     
20000800  __STACK_END                   
00000800  __STACK_SIZE                  
20000200  __STACK_TOP                   
00002220  __TI_CINIT_Base               
00002230  __TI_CINIT_Limit              
0000220c  __TI_Handler_Table_Base       
00002218  __TI_Handler_Table_Limit      
000020d5  __TI_auto_init_nobinit_nopinit
0000201f  __TI_decompress_lzss          
000021cd  __TI_decompress_none          
ffffffff  __TI_pprof_out_hndl           
ffffffff  __TI_prof_data_size           
ffffffff  __TI_prof_data_start          
00000000  __TI_static_base__            
000021b1  __TI_zero_init_nomemset       
000020d3  __aeabi_idiv0                 
000020d3  __aeabi_ldiv0                 
00001fa5  __aeabi_memclr                
00001fa5  __aeabi_memclr4               
00001fa5  __aeabi_memclr8               
00001f09  __aeabi_memcpy                
00001f09  __aeabi_memcpy4               
00001f09  __aeabi_memcpy8               
00001fa7  __aeabi_memset                
00001fa7  __aeabi_memset4               
00001fa7  __aeabi_memset8               
00002119  __aeabi_uidiv                 
00002119  __aeabi_uidivmod              
ffffffff  __binit__                     
ffffffff  __c_args__                    
UNDEFED   __mpu_init                    
20000000  __stack                       
20000000  __start___llvm_prf_cnts       
20000000  __stop___llvm_prf_cnts        
00002159  _c_int00_noargs               
UNDEFED   _system_post_cinit            
000021e7  _system_pre_init              
000021eb  abort                         
0000159d  alphabetToInteger             
ffffffff  binit                         
00000ec9  busFaultIsr                   
0000072d  createSemaphore               
000004e9  createThread                  
000012d9  debounce                      
0000070f  destroyThread                 
00001339  errant                        
0000110f  flash4Hz                      
20000a88  flashReq                      
00000000  g_pfnVectors                  
00001681  getFieldInteger               
00001561  getFieldString                
00000457  getIntString                  
00002093  getMSPaddress                 
0000208d  getPSPaddress                 
00001011  getSP                         
000020c3  getSVCNumber                  
00001e8d  getcUart0                     
0000138d  getsUart0                     
00000ec7  hardFaultIsr                  
20000afc  heap_pointer                  
000016bb  hexToInt                      
000010a9  idle                          
00001045  idle2                         
0000135d  important                     
00000ecd  initHw                        
0000026d  initRtos                      
00001d85  initUart0                     
00001813  ipcs                          
000017dd  isCommand                     
00001ea9  kbhitUart0                    
20000a89  keyPressed                    
20000a8a  keyReleased                   
0000181d  kill                          
00001181  lengthyFn                     
00001b05  main                          
00001f09  memcpy                        
00001fad  memset                        
00000ec5  mpuFaultIsr                   
00001137  oneshot                       
00001425  parseFields                   
00001169  partOfLengthyFn               
00000959  pendSvIsr                     
00001829  pi                            
0000187d  pidof                         
20000b04  pingpong                      
000007e3  post                          
00001845  preempt                       
20000b03  priorityScheduling            
000020a7  privilegedMode                
0000180f  ps                            
00001e45  putcUart0                     
00001e61  putsUart0                     
00001221  readKeys                      
00000f93  readPbs                       
0000188f  reboot                        
20000a8b  resource                      
00000705  restartThread                 
000002bb  rtosScheduler                 
00001893  run                           
00001861  sched                         
20000b00  semaphoreCount                
20000a10  semaphores                    
000020b5  setASPbit                     
00002087  setPSPaddress                 
00000719  setThreadPriority             
00001e19  setUart0BaudRate              
0000189f  shell                         
000007c9  sleep                         
00000771  startRtos                     
000015e5  stringCompare                 
00000add  svCallIsr                     
20000b0c  systickCount                  
000007f1  systickIsr                    
20000b02  taskCount                     
20000b01  taskCurrent                   
20000800  tcb                           
00000f85  timer1Isr                     
00001329  uncooperative                 
00002099  unprivilegedMode              
00000ecb  usageFaultIsr                 
000007d5  wait                          
0000218d  waitMicrosecond               
000007c5  yield                         


GLOBAL SYMBOLS: SORTED BY Symbol Address 

address   name                          
-------   ----                          
00000000  __TI_static_base__            
00000000  g_pfnVectors                  
0000026d  initRtos                      
000002bb  rtosScheduler                 
0000039b  PrintIntToHex                 
00000457  getIntString                  
000004e9  createThread                  
00000705  restartThread                 
0000070f  destroyThread                 
00000719  setThreadPriority             
0000072d  createSemaphore               
00000771  startRtos                     
000007c5  yield                         
000007c9  sleep                         
000007d5  wait                          
000007e3  post                          
000007f1  systickIsr                    
00000800  __STACK_SIZE                  
0000088d  PushRegstoPSP                 
000008c1  PopRegsFromPSP                
00000959  pendSvIsr                     
00000add  svCallIsr                     
00000ec5  mpuFaultIsr                   
00000ec7  hardFaultIsr                  
00000ec9  busFaultIsr                   
00000ecb  usageFaultIsr                 
00000ecd  initHw                        
00000f85  timer1Isr                     
00000f93  readPbs                       
00001011  getSP                         
00001045  idle2                         
000010a9  idle                          
0000110f  flash4Hz                      
00001137  oneshot                       
00001169  partOfLengthyFn               
00001181  lengthyFn                     
00001221  readKeys                      
000012d9  debounce                      
00001329  uncooperative                 
00001339  errant                        
0000135d  important                     
0000138d  getsUart0                     
00001425  parseFields                   
00001561  getFieldString                
0000159d  alphabetToInteger             
000015e5  stringCompare                 
00001681  getFieldInteger               
000016bb  hexToInt                      
000017dd  isCommand                     
0000180f  ps                            
00001813  ipcs                          
0000181d  kill                          
00001829  pi                            
00001845  preempt                       
00001861  sched                         
0000187d  pidof                         
0000188f  reboot                        
00001893  run                           
0000189f  shell                         
00001b05  main                          
00001d85  initUart0                     
00001e19  setUart0BaudRate              
00001e45  putcUart0                     
00001e61  putsUart0                     
00001e8d  getcUart0                     
00001ea9  kbhitUart0                    
00001f09  __aeabi_memcpy                
00001f09  __aeabi_memcpy4               
00001f09  __aeabi_memcpy8               
00001f09  memcpy                        
00001fa5  __aeabi_memclr                
00001fa5  __aeabi_memclr4               
00001fa5  __aeabi_memclr8               
00001fa7  __aeabi_memset                
00001fa7  __aeabi_memset4               
00001fa7  __aeabi_memset8               
00001fad  memset                        
0000201f  __TI_decompress_lzss          
00002087  setPSPaddress                 
0000208d  getPSPaddress                 
00002093  getMSPaddress                 
00002099  unprivilegedMode              
000020a7  privilegedMode                
000020b5  setASPbit                     
000020c3  getSVCNumber                  
000020d3  __aeabi_idiv0                 
000020d3  __aeabi_ldiv0                 
000020d5  __TI_auto_init_nobinit_nopinit
00002119  __aeabi_uidiv                 
00002119  __aeabi_uidivmod              
00002159  _c_int00_noargs               
0000218d  waitMicrosecond               
000021b1  __TI_zero_init_nomemset       
000021cd  __TI_decompress_none          
000021db  ResetISR                      
000021e7  _system_pre_init              
000021eb  C$$EXIT                       
000021eb  abort                         
0000220c  __TI_Handler_Table_Base       
00002218  __TI_Handler_Table_Limit      
00002220  __TI_CINIT_Base               
00002230  __TI_CINIT_Limit              
20000000  __stack                       
20000000  __start___llvm_prf_cnts       
20000000  __stop___llvm_prf_cnts        
20000200  __STACK_TOP                   
20000800  __STACK_END                   
20000800  tcb                           
20000a10  semaphores                    
20000a88  flashReq                      
20000a89  keyPressed                    
20000a8a  keyReleased                   
20000a8b  resource                      
20000a8c  CPU_TIME                      
20000afc  heap_pointer                  
20000b00  semaphoreCount                
20000b01  taskCurrent                   
20000b02  taskCount                     
20000b03  priorityScheduling            
20000b04  pingpong                      
20000b08  TOTALTIME                     
20000b0c  systickCount                  
ffffffff  __TI_pprof_out_hndl           
ffffffff  __TI_prof_data_size           
ffffffff  __TI_prof_data_start          
ffffffff  __binit__                     
ffffffff  __c_args__                    
ffffffff  binit                         
UNDEFED   __mpu_init                    
UNDEFED   _system_post_cinit            

[130 symbols]
