******************************************************************************
                  TI ARM Linker PC v20.2.1                     
******************************************************************************
>> Linked Fri Nov 27 22:15:15 2020

OUTPUT FILE NAME:   <RTOS.out>
ENTRY POINT SYMBOL: "_c_int00_noargs"  address: 0000255d


MEMORY CONFIGURATION

         name            origin    length      used     unused   attr    fill
----------------------  --------  ---------  --------  --------  ----  --------
  FLASH                 00000000   00040000  00002634  0003d9cc  R  X
  SRAM                  20000000   00008000  00000b8e  00007472  RW X


SEGMENT ALLOCATION MAP

run origin  load origin   length   init length attrs members
----------  ----------- ---------- ----------- ----- -------
00000000    00000000    00002638   00002638    r-x
  00000000    00000000    0000026c   0000026c    r-- .intvecs
  0000026c    0000026c    00002386   00002386    r-x .text
  000025f2    000025f2    0000000a   0000000a    r-- .const
  00002600    00002600    00000038   00000038    r-- .cinit
20000000    20000000    00000b8e   00000000    rw-
  20000000    20000000    00000800   00000000    rw- .stack
  20000800    20000800    0000030c   00000000    rw- .bss
  20000b0c    20000b0c    00000082   00000000    rw- .data


SECTION ALLOCATION MAP

 output                                  attributes/
section   page    origin      length       input sections
--------  ----  ----------  ----------   ----------------
.intvecs   0    00000000    0000026c     
                  00000000    0000026c     tm4c123gh6pm_startup_ccs.obj (.intvecs)

.text      0    0000026c    00002386     
                  0000026c    00001f1c     rtos.obj (.text)
                  00002188    00000184     uart0.obj (.text)
                  0000230c    0000009c     rtsv7M4_T_le_v4SPD16_eabi.lib : memcpy_t2.asm.obj (.text)
                  000023a8    0000007a                                   : memset_t2.asm.obj (.text)
                  00002422    00000068                                   : copy_decompress_lzss.c.obj (.text:decompress:lzss:__TI_decompress_lzss)
                  0000248a    0000004c     rtos_s.obj (.text)
                  000024d6    00000002     rtsv7M4_T_le_v4SPD16_eabi.lib : div0.asm.obj (.text)
                  000024d8    00000044                                   : autoinit.c.obj (.text:__TI_auto_init_nobinit_nopinit:__TI_auto_init_nobinit_nopinit)
                  0000251c    00000040                                   : u_divt2.asm.obj (.text)
                  0000255c    00000034                                   : boot_cortex_m.c.obj (.text:_c_int00_noargs:_c_int00_noargs)
                  00002590    00000024     wait.obj (.text)
                  000025b4    0000001c     rtsv7M4_T_le_v4SPD16_eabi.lib : copy_zero_init.c.obj (.text:decompress:ZI:__TI_zero_init_nomemset:__TI_zero_init_nomemset)
                  000025d0    0000000e                                   : copy_decompress_none.c.obj (.text:decompress:none:__TI_decompress_none)
                  000025de    0000000c     tm4c123gh6pm_startup_ccs.obj (.text)
                  000025ea    00000004     rtsv7M4_T_le_v4SPD16_eabi.lib : pre_init.c.obj (.text:_system_pre_init)
                  000025ee    00000004                                   : exit.c.obj (.text:abort:abort)

.const     0    000025f2    0000000a     
                  000025f2    00000007     rtos.obj (.const:.string:$P$T0$2)
                  000025f9    00000003     rtos.obj (.const:.string:$P$T1$3)

.cinit     0    00002600    00000038     
                  00002600    00000014     (.cinit..data.load) [load image, compression = lzss]
                  00002614    0000000c     (__TI_handler_table)
                  00002620    00000008     (.cinit..bss.load) [load image, compression = zero_init]
                  00002628    00000010     (__TI_cinit_table)

.init_array 
*          0    00000000    00000000     UNINITIALIZED

.bss       0    20000800    0000030c     UNINITIALIZED
                  20000800    00000240     (.common:tcb)
                  20000a40    000000c8     (.common:semaphores)
                  20000b08    00000001     (.common:flashReq)
                  20000b09    00000001     (.common:keyPressed)
                  20000b0a    00000001     (.common:keyReleased)
                  20000b0b    00000001     (.common:resource)

.data      0    20000b0c    00000082     UNINITIALIZED
                  20000b0c    00000070     rtos.obj (.data:CPU_TIME)
                  20000b7c    00000012     rtos.obj (.data)

.stack     0    20000000    00000800     UNINITIALIZED
                  20000000    00000004     rtsv7M4_T_le_v4SPD16_eabi.lib : boot_cortex_m.c.obj (.stack)
                  20000004    000007fc     --HOLE--

__llvm_prf_cnts 
*          0    20000000    00000000     UNINITIALIZED

MODULE SUMMARY

       Module                         code   ro data   rw data
       ------                         ----   -------   -------
    .\
       rtos.obj                       7964   10        910    
       tm4c123gh6pm_startup_ccs.obj   12     620       0      
       uart0.obj                      388    0         0      
       rtos_s.obj                     76     0         0      
       wait.obj                       36     0         0      
    +--+------------------------------+------+---------+---------+
       Total:                         8476   630       910    
                                                              
    C:\ti\ccs1011\ccs\tools\compiler\ti-cgt-arm_20.2.1.LTS\lib\rtsv7M4_T_le_v4SPD16_eabi.lib
       memcpy_t2.asm.obj              156    0         0      
       memset_t2.asm.obj              122    0         0      
       copy_decompress_lzss.c.obj     104    0         0      
       autoinit.c.obj                 68     0         0      
       u_divt2.asm.obj                64     0         0      
       boot_cortex_m.c.obj            52     0         0      
       copy_zero_init.c.obj           28     0         0      
       copy_decompress_none.c.obj     14     0         0      
       exit.c.obj                     4      0         0      
       pre_init.c.obj                 4      0         0      
       div0.asm.obj                   2      0         0      
    +--+------------------------------+------+---------+---------+
       Total:                         618    0         0      
                                                              
       Stack:                         0      0         2048   
       Linker Generated:              0      56        0      
    +--+------------------------------+------+---------+---------+
       Grand Total:                   9094   686       2958   


LINKER GENERATED COPY TABLES

__TI_cinit_table @ 00002628 records: 2, size/record: 8, table size: 16
	.data: load addr=00002600, load size=00000014 bytes, run addr=20000b0c, run size=00000082 bytes, compression=lzss
	.bss: load addr=00002620, load size=00000008 bytes, run addr=20000800, run size=0000030c bytes, compression=zero_init


LINKER GENERATED HANDLER TABLE

__TI_handler_table @ 00002614 records: 3, size/record: 4, table size: 12
	index: 0, handler: __TI_decompress_lzss
	index: 1, handler: __TI_decompress_none
	index: 2, handler: __TI_zero_init


GLOBAL SYMBOLS: SORTED ALPHABETICALLY BY Name 

address   name                          
-------   ----                          
000025ef  C$$EXIT                       
20000b0c  CPU_TIME                      
000009ab  PopRegsFromPSP                
0000039b  PrintIntToHex                 
00000985  PushRegstoPSP                 
000025df  ResetISR                      
20000b88  TOTALTIME                     
20000800  __STACK_END                   
00000800  __STACK_SIZE                  
20000200  __STACK_TOP                   
00002628  __TI_CINIT_Base               
00002638  __TI_CINIT_Limit              
00002614  __TI_Handler_Table_Base       
00002620  __TI_Handler_Table_Limit      
000024d9  __TI_auto_init_nobinit_nopinit
00002423  __TI_decompress_lzss          
000025d1  __TI_decompress_none          
ffffffff  __TI_pprof_out_hndl           
ffffffff  __TI_prof_data_size           
ffffffff  __TI_prof_data_start          
00000000  __TI_static_base__            
000025b5  __TI_zero_init_nomemset       
000024d7  __aeabi_idiv0                 
000024d7  __aeabi_ldiv0                 
000023a9  __aeabi_memclr                
000023a9  __aeabi_memclr4               
000023a9  __aeabi_memclr8               
0000230d  __aeabi_memcpy                
0000230d  __aeabi_memcpy4               
0000230d  __aeabi_memcpy8               
000023ab  __aeabi_memset                
000023ab  __aeabi_memset4               
000023ab  __aeabi_memset8               
0000251d  __aeabi_uidiv                 
0000251d  __aeabi_uidivmod              
ffffffff  __binit__                     
ffffffff  __c_args__                    
UNDEFED   __mpu_init                    
20000000  __stack                       
20000000  __start___llvm_prf_cnts       
20000000  __stop___llvm_prf_cnts        
0000255d  _c_int00_noargs               
UNDEFED   _system_post_cinit            
000025eb  _system_pre_init              
000025ef  abort                         
0000194b  alphabetToInteger             
ffffffff  binit                         
00001289  busFaultIsr                   
00000775  createSemaphore               
00000525  createThread                  
00001675  debounce                      
0000075d  destroyThread                 
000016e1  errant                        
000014df  flash4Hz                      
20000b08  flashReq                      
00000000  g_pfnVectors                  
00001a2d  getFieldInteger               
00001919  getFieldString                
00000451  getIntString                  
00002497  getMSPaddress                 
00002491  getPSPaddress                 
0000141d  getSP                         
000024c7  getSVCNumber                  
00002291  getcUart0                     
0000173d  getsUart0                     
00001287  hardFaultIsr                  
20000b7c  heap_pointer                  
00001a67  hexToInt                      
00001489  idle                          
00001429  idle2                         
00001709  important                     
000012a5  initHw                        
0000026d  initRtos                      
00002189  initUart0                     
00001bbf  ipcs                          
00001b89  isCommand                     
000022ad  kbhitUart0                    
20000b09  keyPressed                    
20000b0a  keyReleased                   
00001bcb  kill                          
00001537  lengthyFn                     
00001ed9  main                          
0000230d  memcpy                        
000023b1  memset                        
00001285  mpuFaultIsr                   
00001501  oneshot                       
000017d5  parseFields                   
00001523  partOfLengthyFn               
00000a35  pendSvIsr                     
00001bd7  pi                            
00001c2b  pidof                         
20000b84  pingpong                      
00000885  post                          
00001bf3  preempt                       
20000b83  priorityScheduling            
000024ab  privilegedMode                
00001bbb  ps                            
00002249  putcUart0                     
00002265  putsUart0                     
000015ad  readKeys                      
00001399  readPbs                       
00001c37  reboot                        
20000b0b  resource                      
00000753  restartThread                 
000002bb  rtosScheduler                 
00001c3b  run                           
00001c0f  sched                         
20000b80  semaphoreCount                
20000a40  semaphores                    
000024b9  setASPbit                     
0000248b  setPSPaddress                 
00000767  setThreadPriority             
0000221d  setUart0BaudRate              
00001c47  shell                         
00000865  sleep                         
0000080d  startRtos                     
00001991  stringCompare                 
00000bb1  svCallIsr                     
20000b8c  systickCount                  
000008b1  systickIsr                    
20000b82  taskCount                     
20000b81  taskCurrent                   
20000800  tcb                           
0000135d  timer1Isr                     
000016c5  uncooperative                 
0000249d  unprivilegedMode              
0000128b  usageFaultIsr                 
00000871  wait                          
00002591  waitMicrosecond               
00000861  yield                         


GLOBAL SYMBOLS: SORTED BY Symbol Address 

address   name                          
-------   ----                          
00000000  __TI_static_base__            
00000000  g_pfnVectors                  
0000026d  initRtos                      
000002bb  rtosScheduler                 
0000039b  PrintIntToHex                 
00000451  getIntString                  
00000525  createThread                  
00000753  restartThread                 
0000075d  destroyThread                 
00000767  setThreadPriority             
00000775  createSemaphore               
00000800  __STACK_SIZE                  
0000080d  startRtos                     
00000861  yield                         
00000865  sleep                         
00000871  wait                          
00000885  post                          
000008b1  systickIsr                    
00000985  PushRegstoPSP                 
000009ab  PopRegsFromPSP                
00000a35  pendSvIsr                     
00000bb1  svCallIsr                     
00001285  mpuFaultIsr                   
00001287  hardFaultIsr                  
00001289  busFaultIsr                   
0000128b  usageFaultIsr                 
000012a5  initHw                        
0000135d  timer1Isr                     
00001399  readPbs                       
0000141d  getSP                         
00001429  idle2                         
00001489  idle                          
000014df  flash4Hz                      
00001501  oneshot                       
00001523  partOfLengthyFn               
00001537  lengthyFn                     
000015ad  readKeys                      
00001675  debounce                      
000016c5  uncooperative                 
000016e1  errant                        
00001709  important                     
0000173d  getsUart0                     
000017d5  parseFields                   
00001919  getFieldString                
0000194b  alphabetToInteger             
00001991  stringCompare                 
00001a2d  getFieldInteger               
00001a67  hexToInt                      
00001b89  isCommand                     
00001bbb  ps                            
00001bbf  ipcs                          
00001bcb  kill                          
00001bd7  pi                            
00001bf3  preempt                       
00001c0f  sched                         
00001c2b  pidof                         
00001c37  reboot                        
00001c3b  run                           
00001c47  shell                         
00001ed9  main                          
00002189  initUart0                     
0000221d  setUart0BaudRate              
00002249  putcUart0                     
00002265  putsUart0                     
00002291  getcUart0                     
000022ad  kbhitUart0                    
0000230d  __aeabi_memcpy                
0000230d  __aeabi_memcpy4               
0000230d  __aeabi_memcpy8               
0000230d  memcpy                        
000023a9  __aeabi_memclr                
000023a9  __aeabi_memclr4               
000023a9  __aeabi_memclr8               
000023ab  __aeabi_memset                
000023ab  __aeabi_memset4               
000023ab  __aeabi_memset8               
000023b1  memset                        
00002423  __TI_decompress_lzss          
0000248b  setPSPaddress                 
00002491  getPSPaddress                 
00002497  getMSPaddress                 
0000249d  unprivilegedMode              
000024ab  privilegedMode                
000024b9  setASPbit                     
000024c7  getSVCNumber                  
000024d7  __aeabi_idiv0                 
000024d7  __aeabi_ldiv0                 
000024d9  __TI_auto_init_nobinit_nopinit
0000251d  __aeabi_uidiv                 
0000251d  __aeabi_uidivmod              
0000255d  _c_int00_noargs               
00002591  waitMicrosecond               
000025b5  __TI_zero_init_nomemset       
000025d1  __TI_decompress_none          
000025df  ResetISR                      
000025eb  _system_pre_init              
000025ef  C$$EXIT                       
000025ef  abort                         
00002614  __TI_Handler_Table_Base       
00002620  __TI_Handler_Table_Limit      
00002628  __TI_CINIT_Base               
00002638  __TI_CINIT_Limit              
20000000  __stack                       
20000000  __start___llvm_prf_cnts       
20000000  __stop___llvm_prf_cnts        
20000200  __STACK_TOP                   
20000800  __STACK_END                   
20000800  tcb                           
20000a40  semaphores                    
20000b08  flashReq                      
20000b09  keyPressed                    
20000b0a  keyReleased                   
20000b0b  resource                      
20000b0c  CPU_TIME                      
20000b7c  heap_pointer                  
20000b80  semaphoreCount                
20000b81  taskCurrent                   
20000b82  taskCount                     
20000b83  priorityScheduling            
20000b84  pingpong                      
20000b88  TOTALTIME                     
20000b8c  systickCount                  
ffffffff  __TI_pprof_out_hndl           
ffffffff  __TI_prof_data_size           
ffffffff  __TI_prof_data_start          
ffffffff  __binit__                     
ffffffff  __c_args__                    
ffffffff  binit                         
UNDEFED   __mpu_init                    
UNDEFED   _system_post_cinit            

[130 symbols]
